// Vitest Snapshot v1, https://vitest.dev/guide/snapshot.html

exports[`GH Extension > gh-search-code > then it should return formatted results 1`] = `
"1 result(s)

  # │ path
────┼─────────────────────────────────────────────────────
  1 │ owner/repo/src/index.ts
    │ function main() {
    │ https://github.com/owner/repo/blob/main/src/index.ts"
`;

exports[`GH Extension > gh-search-repos > then it should return formatted repo list 1`] = `
"1 repo(s)

      󰓎 │      󰘬 │ repo
────────┼────────┼──────────────────────────────────────
220.000 │ 45.000 │ facebook/react
        │        │ A JavaScript library for building UIs
        │        │ JavaScript
        │        │ https://github.com/facebook/react"
`;
