// Vitest Snapshot v1, https://vitest.dev/guide/snapshot.html

exports[`HuggingFace Extension > list-huggingface-discussions > given a successful response > then it should return formatted discussion list 1`] = `
"2 discussion(s) • 1 closed • showing 2

   # │ status   │    󰍻 │    age │ title
─────┼──────────┼──────┼────────┼───────────────────────────────────────────────────────────────
   1 │ ● open   │    5 │ 1y ago │ Model crashes on long inputs
     │          │      │        │ testuser · Disc
     │          │      │        │ https://huggingface.co/models/unsloth/Qwen3-GGUF/discussions/1
   2 │ ○ closed │    3 │ 1y ago │ Add quantized model
     │          │      │        │ contributor · PR
     │          │      │        │ https://huggingface.co/models/unsloth/Qwen3-GGUF/discussions/2"
`;

exports[`HuggingFace Extension > search-huggingface-models > given a successful search response > then it should return formatted search results 1`] = `
"1 result(s)

      󰇚 │    󰋑 │ model
────────┼──────┼─────────────────────────────────────────────────
 150.0K │   42 │ unsloth/Qwen3-GGUF
        │      │ apache-2.0 · text-generation
        │      │ updated 1y ago
        │      │ https://huggingface.co/models/unsloth/Qwen3-GGUF"
`;
