// Vitest Snapshot v1, https://vitest.dev/guide/snapshot.html

exports[`reddit output snapshots > renders a post table 1`] = `
"    󰁝 │    󰍻 │    age │ title
──────┼──────┼────────┼─────────────────────────────────────────────
 1420 │  230 │ 3h ago │ NixOS 24.05 released with major improvements
      │      │        │ by nixos_dev
      │      │        │ https://reddit.com/r/linux/abc123
   87 │   45 │ 6h ago │ Why I switched from Arch to NixOS
      │      │        │ by linux_user42
      │      │        │ https://reddit.com/r/linux/def456
    5 │    3 │ 1d ago │ TIL about fd-find
      │      │        │ by cli_fan
      │      │        │ https://reddit.com/r/linux/ghi789"
`;

exports[`reddit output snapshots > renders a single post table 1`] = `
"    󰁝 │    󰍻 │    age │ title
──────┼──────┼────────┼───────────────────────────────────
   42 │  100 │ 2h ago │ Ask HN: What are you working on?
      │      │        │ by curious
      │      │        │ https://reddit.com/r/AskReddit/xyz"
`;
