// Vitest Snapshot v1, https://vitest.dev/guide/snapshot.html

exports[`createEditorComponent > given empty file > when editing an empty file > then renders with empty content area 1`] = `
[
  "[38;2;250;208;0m╭[39m[38;2;250;208;0m──────────────────────────────────────────────────────────────────────────────────────────────────────────────────────[39m[38;2;250;208;0m╮[39m",
  "[38;2;250;208;0m│[39m[38;2;250;208;0m Editing: empty.txt[0m                                                                                                   [39m[38;2;250;208;0m│[39m",
  "[38;2;250;208;0m├[39m[38;2;250;208;0m──────────────────────────────────────────────────────────────────────────────────────────────────────────────────────[39m[38;2;250;208;0m┤[39m",
  "[38;2;76;62;118m│[39m[38;2;76;62;118m   1 _pi:c[39m                                                                                                                [39m",
  "[38;2;76;62;118m│[39m[0m                                                                                                                     ",
  "[38;2;76;62;118m│[39m[0m                                                                                                                     ",
  "[38;2;76;62;118m│[39m[0m                                                                                                                     ",
  "[38;2;76;62;118m│[39m[0m                                                                                                                     ",
  "[38;2;76;62;118m│[39m[0m                                                                                                                     ",
  "[38;2;76;62;118m│[39m[0m                                                                                                                     ",
  "[38;2;76;62;118m│[39m[0m                                                                                                                     ",
  "[38;2;76;62;118m│[39m[0m                                                                                                                     ",
  "[38;2;76;62;118m│[39m[0m                                                                                                                     ",
  "[38;2;76;62;118m│[39m[0m                                                                                                                     ",
  "[38;2;76;62;118m│[39m[0m                                                                                                                     ",
  "[38;2;76;62;118m│[39m[0m                                                                                                                     ",
  "[38;2;76;62;118m│[39m[0m                                                                                                                     ",
  "[38;2;76;62;118m│[39m[0m                                                                                                                     ",
  "[38;2;76;62;118m│[39m[0m                                                                                                                     ",
  "[38;2;76;62;118m│[39m[0m                                                                                                                     ",
  "[38;2;76;62;118m│[39m[0m                                                                                                                     ",
  "[38;2;76;62;118m│[39m[0m                                                                                                                     ",
  "[38;2;76;62;118m│[39m[0m                                                                                                                     ",
  "[38;2;76;62;118m│[39m[0m                                                                                                                     ",
  "[38;2;76;62;118m│[39m[0m                                                                                                                     ",
  "[38;2;76;62;118m│[39m[0m                                                                                                                     ",
  "[38;2;76;62;118m│[39m[0m                                                                                                                     ",
  "[38;2;76;62;118m│[39m[0m                                                                                                                     ",
  "[38;2;76;62;118m│[39m[0m                                                                                                                     ",
  "[38;2;76;62;118m│[39m [38;2;76;62;118m esc quit[39m  ↑ nav  pgup scroll  home start  end end  ctrl+s save  ctrl+z undo  ctrl+y redo  ctrl+a select all  ctrl+/ [38;2;76;62;118m│[39m",
  "[38;2;76;62;118m╰[39m[38;2;76;62;118m──────────────────────────────────────────────────────────────────────────────────────────────────────────────────────[39m[38;2;76;62;118m╯[39m",
]
`;

exports[`createEditorComponent > given focus > when focused is set to false > then hides cursor marker 1`] = `
[
  "[38;2;250;208;0m╭[39m[38;2;250;208;0m──────────────────────────────────────────────────────────────────────────────────────────────────────────────────────[39m[38;2;250;208;0m╮[39m",
  "[38;2;250;208;0m│[39m[38;2;250;208;0m Editing: test.ts[0m                                                                                                     [39m[38;2;250;208;0m│[39m",
  "[38;2;250;208;0m├[39m[38;2;250;208;0m──────────────────────────────────────────────────────────────────────────────────────────────────────────────────────[39m[38;2;250;208;0m┤[39m",
  "[38;2;76;62;118m│[39m[38;2;76;62;118m   1 [39mhello                                                                                                           ",
  "[38;2;76;62;118m│[39m[38;2;76;62;118m   2 [39mworld                                                                                                           ",
  "[38;2;76;62;118m│[39m[0m                                                                                                                     ",
  "[38;2;76;62;118m│[39m[0m                                                                                                                     ",
  "[38;2;76;62;118m│[39m[0m                                                                                                                     ",
  "[38;2;76;62;118m│[39m[0m                                                                                                                     ",
  "[38;2;76;62;118m│[39m[0m                                                                                                                     ",
  "[38;2;76;62;118m│[39m[0m                                                                                                                     ",
  "[38;2;76;62;118m│[39m[0m                                                                                                                     ",
  "[38;2;76;62;118m│[39m[0m                                                                                                                     ",
  "[38;2;76;62;118m│[39m[0m                                                                                                                     ",
  "[38;2;76;62;118m│[39m[0m                                                                                                                     ",
  "[38;2;76;62;118m│[39m[0m                                                                                                                     ",
  "[38;2;76;62;118m│[39m[0m                                                                                                                     ",
  "[38;2;76;62;118m│[39m[0m                                                                                                                     ",
  "[38;2;76;62;118m│[39m[0m                                                                                                                     ",
  "[38;2;76;62;118m│[39m[0m                                                                                                                     ",
  "[38;2;76;62;118m│[39m[0m                                                                                                                     ",
  "[38;2;76;62;118m│[39m[0m                                                                                                                     ",
  "[38;2;76;62;118m│[39m[0m                                                                                                                     ",
  "[38;2;76;62;118m│[39m[0m                                                                                                                     ",
  "[38;2;76;62;118m│[39m[0m                                                                                                                     ",
  "[38;2;76;62;118m│[39m[0m                                                                                                                     ",
  "[38;2;76;62;118m│[39m[0m                                                                                                                     ",
  "[38;2;76;62;118m│[39m[0m                                                                                                                     ",
  "[38;2;76;62;118m│[39m[0m                                                                                                                     ",
  "[38;2;76;62;118m│[39m [38;2;76;62;118m esc quit[39m  ↑ nav  pgup scroll  home start  end end  ctrl+s save  ctrl+z undo  ctrl+y redo  ctrl+a select all  ctrl+/ [38;2;76;62;118m│[39m",
  "[38;2;76;62;118m╰[39m[38;2;76;62;118m──────────────────────────────────────────────────────────────────────────────────────────────────────────────────────[39m[38;2;76;62;118m╯[39m",
]
`;

exports[`createEditorComponent > given focus > when focused is true > then shows cursor marker in output 1`] = `
[
  "[38;2;250;208;0m╭[39m[38;2;250;208;0m──────────────────────────────────────────────────────────────────────────────────────────────────────────────────────[39m[38;2;250;208;0m╮[39m",
  "[38;2;250;208;0m│[39m[38;2;250;208;0m Editing: test.ts[0m                                                                                                     [39m[38;2;250;208;0m│[39m",
  "[38;2;250;208;0m├[39m[38;2;250;208;0m──────────────────────────────────────────────────────────────────────────────────────────────────────────────────────[39m[38;2;250;208;0m┤[39m",
  "[38;2;76;62;118m│[39m[38;2;76;62;118m   1 _pi:c[39mhello                                                                                                           [39m",
  "[38;2;76;62;118m│[39m[38;2;76;62;118m   2 [39mworld                                                                                                           ",
  "[38;2;76;62;118m│[39m[0m                                                                                                                     ",
  "[38;2;76;62;118m│[39m[0m                                                                                                                     ",
  "[38;2;76;62;118m│[39m[0m                                                                                                                     ",
  "[38;2;76;62;118m│[39m[0m                                                                                                                     ",
  "[38;2;76;62;118m│[39m[0m                                                                                                                     ",
  "[38;2;76;62;118m│[39m[0m                                                                                                                     ",
  "[38;2;76;62;118m│[39m[0m                                                                                                                     ",
  "[38;2;76;62;118m│[39m[0m                                                                                                                     ",
  "[38;2;76;62;118m│[39m[0m                                                                                                                     ",
  "[38;2;76;62;118m│[39m[0m                                                                                                                     ",
  "[38;2;76;62;118m│[39m[0m                                                                                                                     ",
  "[38;2;76;62;118m│[39m[0m                                                                                                                     ",
  "[38;2;76;62;118m│[39m[0m                                                                                                                     ",
  "[38;2;76;62;118m│[39m[0m                                                                                                                     ",
  "[38;2;76;62;118m│[39m[0m                                                                                                                     ",
  "[38;2;76;62;118m│[39m[0m                                                                                                                     ",
  "[38;2;76;62;118m│[39m[0m                                                                                                                     ",
  "[38;2;76;62;118m│[39m[0m                                                                                                                     ",
  "[38;2;76;62;118m│[39m[0m                                                                                                                     ",
  "[38;2;76;62;118m│[39m[0m                                                                                                                     ",
  "[38;2;76;62;118m│[39m[0m                                                                                                                     ",
  "[38;2;76;62;118m│[39m[0m                                                                                                                     ",
  "[38;2;76;62;118m│[39m[0m                                                                                                                     ",
  "[38;2;76;62;118m│[39m[0m                                                                                                                     ",
  "[38;2;76;62;118m│[39m [38;2;76;62;118m esc quit[39m  ↑ nav  pgup scroll  home start  end end  ctrl+s save  ctrl+z undo  ctrl+y redo  ctrl+a select all  ctrl+/ [38;2;76;62;118m│[39m",
  "[38;2;76;62;118m╰[39m[38;2;76;62;118m──────────────────────────────────────────────────────────────────────────────────────────────────────────────────────[39m[38;2;76;62;118m╯[39m",
]
`;

exports[`createEditorComponent > given keyboard input > when pressing enter > then inserts a newline and requests render 1`] = `
[
  "[38;2;250;208;0m╭[39m[38;2;250;208;0m──────────────────────────────────────────────────────────────────────────────────────────────────────────────────────[39m[38;2;250;208;0m╮[39m",
  "[38;2;250;208;0m│[39m[38;2;250;208;0m Editing: test.ts[0m                                                                                                     [39m[38;2;250;208;0m│[39m",
  "[38;2;250;208;0m├[39m[38;2;250;208;0m──────────────────────────────────────────────────────────────────────────────────────────────────────────────────────[39m[38;2;250;208;0m┤[39m",
  "[38;2;76;62;118m│[39m[38;2;76;62;118m   1 [39m                                                                                                                ",
  "[38;2;76;62;118m│[39m[38;2;76;62;118m   2 _pi:c[39mhello                                                                                                           [39m",
  "[38;2;76;62;118m│[39m[38;2;76;62;118m   3 [39mworld                                                                                                           ",
  "[38;2;76;62;118m│[39m[0m                                                                                                                     ",
  "[38;2;76;62;118m│[39m[0m                                                                                                                     ",
  "[38;2;76;62;118m│[39m[0m                                                                                                                     ",
  "[38;2;76;62;118m│[39m[0m                                                                                                                     ",
  "[38;2;76;62;118m│[39m[0m                                                                                                                     ",
  "[38;2;76;62;118m│[39m[0m                                                                                                                     ",
  "[38;2;76;62;118m│[39m[0m                                                                                                                     ",
  "[38;2;76;62;118m│[39m[0m                                                                                                                     ",
  "[38;2;76;62;118m│[39m[0m                                                                                                                     ",
  "[38;2;76;62;118m│[39m[0m                                                                                                                     ",
  "[38;2;76;62;118m│[39m[0m                                                                                                                     ",
  "[38;2;76;62;118m│[39m[0m                                                                                                                     ",
  "[38;2;76;62;118m│[39m[0m                                                                                                                     ",
  "[38;2;76;62;118m│[39m[0m                                                                                                                     ",
  "[38;2;76;62;118m│[39m[0m                                                                                                                     ",
  "[38;2;76;62;118m│[39m[0m                                                                                                                     ",
  "[38;2;76;62;118m│[39m[0m                                                                                                                     ",
  "[38;2;76;62;118m│[39m[0m                                                                                                                     ",
  "[38;2;76;62;118m│[39m[0m                                                                                                                     ",
  "[38;2;76;62;118m│[39m[0m                                                                                                                     ",
  "[38;2;76;62;118m│[39m[0m                                                                                                                     ",
  "[38;2;76;62;118m│[39m[0m                                                                                                                     ",
  "[38;2;76;62;118m│[39m[0m                                                                                                                     ",
  "[38;2;76;62;118m│[39m [38;2;76;62;118m esc quit[39m  ↑ nav  pgup scroll  home start  end end  ctrl+s save  ctrl+z undo  ctrl+y redo  ctrl+a select all  ctrl+/ [38;2;76;62;118m│[39m",
  "[38;2;76;62;118m╰[39m[38;2;76;62;118m──────────────────────────────────────────────────────────────────────────────────────────────────────────────────────[39m[38;2;76;62;118m╯[39m",
]
`;

exports[`createEditorComponent > given keyboard input > when typing a character > then inserts the character and requests render 1`] = `
[
  "[38;2;250;208;0m╭[39m[38;2;250;208;0m──────────────────────────────────────────────────────────────────────────────────────────────────────────────────────[39m[38;2;250;208;0m╮[39m",
  "[38;2;250;208;0m│[39m[38;2;250;208;0m Editing: test.ts[0m                                                                                                     [39m[38;2;250;208;0m│[39m",
  "[38;2;250;208;0m├[39m[38;2;250;208;0m──────────────────────────────────────────────────────────────────────────────────────────────────────────────────────[39m[38;2;250;208;0m┤[39m",
  "[38;2;76;62;118m│[39m[38;2;76;62;118m   1 [39mx_pi:chello                                                                                                          ",
  "[38;2;76;62;118m│[39m[38;2;76;62;118m   2 [39mworld                                                                                                           ",
  "[38;2;76;62;118m│[39m[0m                                                                                                                     ",
  "[38;2;76;62;118m│[39m[0m                                                                                                                     ",
  "[38;2;76;62;118m│[39m[0m                                                                                                                     ",
  "[38;2;76;62;118m│[39m[0m                                                                                                                     ",
  "[38;2;76;62;118m│[39m[0m                                                                                                                     ",
  "[38;2;76;62;118m│[39m[0m                                                                                                                     ",
  "[38;2;76;62;118m│[39m[0m                                                                                                                     ",
  "[38;2;76;62;118m│[39m[0m                                                                                                                     ",
  "[38;2;76;62;118m│[39m[0m                                                                                                                     ",
  "[38;2;76;62;118m│[39m[0m                                                                                                                     ",
  "[38;2;76;62;118m│[39m[0m                                                                                                                     ",
  "[38;2;76;62;118m│[39m[0m                                                                                                                     ",
  "[38;2;76;62;118m│[39m[0m                                                                                                                     ",
  "[38;2;76;62;118m│[39m[0m                                                                                                                     ",
  "[38;2;76;62;118m│[39m[0m                                                                                                                     ",
  "[38;2;76;62;118m│[39m[0m                                                                                                                     ",
  "[38;2;76;62;118m│[39m[0m                                                                                                                     ",
  "[38;2;76;62;118m│[39m[0m                                                                                                                     ",
  "[38;2;76;62;118m│[39m[0m                                                                                                                     ",
  "[38;2;76;62;118m│[39m[0m                                                                                                                     ",
  "[38;2;76;62;118m│[39m[0m                                                                                                                     ",
  "[38;2;76;62;118m│[39m[0m                                                                                                                     ",
  "[38;2;76;62;118m│[39m[0m                                                                                                                     ",
  "[38;2;76;62;118m│[39m[0m                                                                                                                     ",
  "[38;2;76;62;118m│[39m [38;2;76;62;118m esc quit[39m  ↑ nav  pgup scroll  home start  end end  ctrl+s save  ctrl+z undo  ctrl+y redo  ctrl+a select all  ctrl+/ [38;2;76;62;118m│[39m",
  "[38;2;76;62;118m╰[39m[38;2;76;62;118m──────────────────────────────────────────────────────────────────────────────────────────────────────────────────────[39m[38;2;76;62;118m╯[39m",
]
`;

exports[`createEditorComponent > given pair insertion > when typing opening brace > then inserts matching pair 1`] = `
[
  "[38;2;250;208;0m╭[39m[38;2;250;208;0m──────────────────────────────────────────────────────────────────────────────────────────────────────────────────────[39m[38;2;250;208;0m╮[39m",
  "[38;2;250;208;0m│[39m[38;2;250;208;0m Editing: test.ts[0m                                                                                                     [39m[38;2;250;208;0m│[39m",
  "[38;2;250;208;0m├[39m[38;2;250;208;0m──────────────────────────────────────────────────────────────────────────────────────────────────────────────────────[39m[38;2;250;208;0m┤[39m",
  "[38;2;76;62;118m│[39m[38;2;76;62;118m   1 [39m{_pi:c}hello                                                                                                         ",
  "[38;2;76;62;118m│[39m[38;2;76;62;118m   2 [39mworld                                                                                                           ",
  "[38;2;76;62;118m│[39m[0m                                                                                                                     ",
  "[38;2;76;62;118m│[39m[0m                                                                                                                     ",
  "[38;2;76;62;118m│[39m[0m                                                                                                                     ",
  "[38;2;76;62;118m│[39m[0m                                                                                                                     ",
  "[38;2;76;62;118m│[39m[0m                                                                                                                     ",
  "[38;2;76;62;118m│[39m[0m                                                                                                                     ",
  "[38;2;76;62;118m│[39m[0m                                                                                                                     ",
  "[38;2;76;62;118m│[39m[0m                                                                                                                     ",
  "[38;2;76;62;118m│[39m[0m                                                                                                                     ",
  "[38;2;76;62;118m│[39m[0m                                                                                                                     ",
  "[38;2;76;62;118m│[39m[0m                                                                                                                     ",
  "[38;2;76;62;118m│[39m[0m                                                                                                                     ",
  "[38;2;76;62;118m│[39m[0m                                                                                                                     ",
  "[38;2;76;62;118m│[39m[0m                                                                                                                     ",
  "[38;2;76;62;118m│[39m[0m                                                                                                                     ",
  "[38;2;76;62;118m│[39m[0m                                                                                                                     ",
  "[38;2;76;62;118m│[39m[0m                                                                                                                     ",
  "[38;2;76;62;118m│[39m[0m                                                                                                                     ",
  "[38;2;76;62;118m│[39m[0m                                                                                                                     ",
  "[38;2;76;62;118m│[39m[0m                                                                                                                     ",
  "[38;2;76;62;118m│[39m[0m                                                                                                                     ",
  "[38;2;76;62;118m│[39m[0m                                                                                                                     ",
  "[38;2;76;62;118m│[39m[0m                                                                                                                     ",
  "[38;2;76;62;118m│[39m[0m                                                                                                                     ",
  "[38;2;76;62;118m│[39m [38;2;76;62;118m esc quit[39m  ↑ nav  pgup scroll  home start  end end  ctrl+s save  ctrl+z undo  ctrl+y redo  ctrl+a select all  ctrl+/ [38;2;76;62;118m│[39m",
  "[38;2;76;62;118m╰[39m[38;2;76;62;118m──────────────────────────────────────────────────────────────────────────────────────────────────────────────────────[39m[38;2;76;62;118m╯[39m",
]
`;

exports[`createEditorComponent > given pair insertion > when typing opening bracket > then inserts matching pair 1`] = `
[
  "[38;2;250;208;0m╭[39m[38;2;250;208;0m──────────────────────────────────────────────────────────────────────────────────────────────────────────────────────[39m[38;2;250;208;0m╮[39m",
  "[38;2;250;208;0m│[39m[38;2;250;208;0m Editing: test.ts[0m                                                                                                     [39m[38;2;250;208;0m│[39m",
  "[38;2;250;208;0m├[39m[38;2;250;208;0m──────────────────────────────────────────────────────────────────────────────────────────────────────────────────────[39m[38;2;250;208;0m┤[39m",
  "[38;2;76;62;118m│[39m[38;2;76;62;118m   1 [39m[_pi:c]hello                                                                                                         ",
  "[38;2;76;62;118m│[39m[38;2;76;62;118m   2 [39mworld                                                                                                           ",
  "[38;2;76;62;118m│[39m[0m                                                                                                                     ",
  "[38;2;76;62;118m│[39m[0m                                                                                                                     ",
  "[38;2;76;62;118m│[39m[0m                                                                                                                     ",
  "[38;2;76;62;118m│[39m[0m                                                                                                                     ",
  "[38;2;76;62;118m│[39m[0m                                                                                                                     ",
  "[38;2;76;62;118m│[39m[0m                                                                                                                     ",
  "[38;2;76;62;118m│[39m[0m                                                                                                                     ",
  "[38;2;76;62;118m│[39m[0m                                                                                                                     ",
  "[38;2;76;62;118m│[39m[0m                                                                                                                     ",
  "[38;2;76;62;118m│[39m[0m                                                                                                                     ",
  "[38;2;76;62;118m│[39m[0m                                                                                                                     ",
  "[38;2;76;62;118m│[39m[0m                                                                                                                     ",
  "[38;2;76;62;118m│[39m[0m                                                                                                                     ",
  "[38;2;76;62;118m│[39m[0m                                                                                                                     ",
  "[38;2;76;62;118m│[39m[0m                                                                                                                     ",
  "[38;2;76;62;118m│[39m[0m                                                                                                                     ",
  "[38;2;76;62;118m│[39m[0m                                                                                                                     ",
  "[38;2;76;62;118m│[39m[0m                                                                                                                     ",
  "[38;2;76;62;118m│[39m[0m                                                                                                                     ",
  "[38;2;76;62;118m│[39m[0m                                                                                                                     ",
  "[38;2;76;62;118m│[39m[0m                                                                                                                     ",
  "[38;2;76;62;118m│[39m[0m                                                                                                                     ",
  "[38;2;76;62;118m│[39m[0m                                                                                                                     ",
  "[38;2;76;62;118m│[39m[0m                                                                                                                     ",
  "[38;2;76;62;118m│[39m [38;2;76;62;118m esc quit[39m  ↑ nav  pgup scroll  home start  end end  ctrl+s save  ctrl+z undo  ctrl+y redo  ctrl+a select all  ctrl+/ [38;2;76;62;118m│[39m",
  "[38;2;76;62;118m╰[39m[38;2;76;62;118m──────────────────────────────────────────────────────────────────────────────────────────────────────────────────────[39m[38;2;76;62;118m╯[39m",
]
`;

exports[`createEditorComponent > given pair insertion > when typing opening parenthesis > then inserts matching pair 1`] = `
[
  "[38;2;250;208;0m╭[39m[38;2;250;208;0m──────────────────────────────────────────────────────────────────────────────────────────────────────────────────────[39m[38;2;250;208;0m╮[39m",
  "[38;2;250;208;0m│[39m[38;2;250;208;0m Editing: test.ts[0m                                                                                                     [39m[38;2;250;208;0m│[39m",
  "[38;2;250;208;0m├[39m[38;2;250;208;0m──────────────────────────────────────────────────────────────────────────────────────────────────────────────────────[39m[38;2;250;208;0m┤[39m",
  "[38;2;76;62;118m│[39m[38;2;76;62;118m   1 [39m(_pi:c)hello                                                                                                         ",
  "[38;2;76;62;118m│[39m[38;2;76;62;118m   2 [39mworld                                                                                                           ",
  "[38;2;76;62;118m│[39m[0m                                                                                                                     ",
  "[38;2;76;62;118m│[39m[0m                                                                                                                     ",
  "[38;2;76;62;118m│[39m[0m                                                                                                                     ",
  "[38;2;76;62;118m│[39m[0m                                                                                                                     ",
  "[38;2;76;62;118m│[39m[0m                                                                                                                     ",
  "[38;2;76;62;118m│[39m[0m                                                                                                                     ",
  "[38;2;76;62;118m│[39m[0m                                                                                                                     ",
  "[38;2;76;62;118m│[39m[0m                                                                                                                     ",
  "[38;2;76;62;118m│[39m[0m                                                                                                                     ",
  "[38;2;76;62;118m│[39m[0m                                                                                                                     ",
  "[38;2;76;62;118m│[39m[0m                                                                                                                     ",
  "[38;2;76;62;118m│[39m[0m                                                                                                                     ",
  "[38;2;76;62;118m│[39m[0m                                                                                                                     ",
  "[38;2;76;62;118m│[39m[0m                                                                                                                     ",
  "[38;2;76;62;118m│[39m[0m                                                                                                                     ",
  "[38;2;76;62;118m│[39m[0m                                                                                                                     ",
  "[38;2;76;62;118m│[39m[0m                                                                                                                     ",
  "[38;2;76;62;118m│[39m[0m                                                                                                                     ",
  "[38;2;76;62;118m│[39m[0m                                                                                                                     ",
  "[38;2;76;62;118m│[39m[0m                                                                                                                     ",
  "[38;2;76;62;118m│[39m[0m                                                                                                                     ",
  "[38;2;76;62;118m│[39m[0m                                                                                                                     ",
  "[38;2;76;62;118m│[39m[0m                                                                                                                     ",
  "[38;2;76;62;118m│[39m[0m                                                                                                                     ",
  "[38;2;76;62;118m│[39m [38;2;76;62;118m esc quit[39m  ↑ nav  pgup scroll  home start  end end  ctrl+s save  ctrl+z undo  ctrl+y redo  ctrl+a select all  ctrl+/ [38;2;76;62;118m│[39m",
  "[38;2;76;62;118m╰[39m[38;2;76;62;118m──────────────────────────────────────────────────────────────────────────────────────────────────────────────────────[39m[38;2;76;62;118m╯[39m",
]
`;

exports[`createEditorComponent > given render output > when rendering at width 120 > then produces a bordered overlay frame 1`] = `
[
  "[38;2;250;208;0m╭[39m[38;2;250;208;0m──────────────────────────────────────────────────────────────────────────────────────────────────────────────────────[39m[38;2;250;208;0m╮[39m",
  "[38;2;250;208;0m│[39m[38;2;250;208;0m Editing: test.ts[0m                                                                                                     [39m[38;2;250;208;0m│[39m",
  "[38;2;250;208;0m├[39m[38;2;250;208;0m──────────────────────────────────────────────────────────────────────────────────────────────────────────────────────[39m[38;2;250;208;0m┤[39m",
  "[38;2;76;62;118m│[39m[38;2;76;62;118m   1 _pi:c[39mhello                                                                                                           [39m",
  "[38;2;76;62;118m│[39m[38;2;76;62;118m   2 [39mworld                                                                                                           ",
  "[38;2;76;62;118m│[39m[0m                                                                                                                     ",
  "[38;2;76;62;118m│[39m[0m                                                                                                                     ",
  "[38;2;76;62;118m│[39m[0m                                                                                                                     ",
  "[38;2;76;62;118m│[39m[0m                                                                                                                     ",
  "[38;2;76;62;118m│[39m[0m                                                                                                                     ",
  "[38;2;76;62;118m│[39m[0m                                                                                                                     ",
  "[38;2;76;62;118m│[39m[0m                                                                                                                     ",
  "[38;2;76;62;118m│[39m[0m                                                                                                                     ",
  "[38;2;76;62;118m│[39m[0m                                                                                                                     ",
  "[38;2;76;62;118m│[39m[0m                                                                                                                     ",
  "[38;2;76;62;118m│[39m[0m                                                                                                                     ",
  "[38;2;76;62;118m│[39m[0m                                                                                                                     ",
  "[38;2;76;62;118m│[39m[0m                                                                                                                     ",
  "[38;2;76;62;118m│[39m[0m                                                                                                                     ",
  "[38;2;76;62;118m│[39m[0m                                                                                                                     ",
  "[38;2;76;62;118m│[39m[0m                                                                                                                     ",
  "[38;2;76;62;118m│[39m[0m                                                                                                                     ",
  "[38;2;76;62;118m│[39m[0m                                                                                                                     ",
  "[38;2;76;62;118m│[39m[0m                                                                                                                     ",
  "[38;2;76;62;118m│[39m[0m                                                                                                                     ",
  "[38;2;76;62;118m│[39m[0m                                                                                                                     ",
  "[38;2;76;62;118m│[39m[0m                                                                                                                     ",
  "[38;2;76;62;118m│[39m[0m                                                                                                                     ",
  "[38;2;76;62;118m│[39m[0m                                                                                                                     ",
  "[38;2;76;62;118m│[39m [38;2;76;62;118m esc quit[39m  ↑ nav  pgup scroll  home start  end end  ctrl+s save  ctrl+z undo  ctrl+y redo  ctrl+a select all  ctrl+/ [38;2;76;62;118m│[39m",
  "[38;2;76;62;118m╰[39m[38;2;76;62;118m──────────────────────────────────────────────────────────────────────────────────────────────────────────────────────[39m[38;2;76;62;118m╯[39m",
]
`;

exports[`createEditorComponent > given render output > when rendering content lines > then shows line numbers and content with left border 1`] = `
[
  "[38;2;250;208;0m╭[39m[38;2;250;208;0m──────────────────────────────────────────────────────────────────────────────────────────────────────────────────────[39m[38;2;250;208;0m╮[39m",
  "[38;2;250;208;0m│[39m[38;2;250;208;0m Editing: test.ts[0m                                                                                                     [39m[38;2;250;208;0m│[39m",
  "[38;2;250;208;0m├[39m[38;2;250;208;0m──────────────────────────────────────────────────────────────────────────────────────────────────────────────────────[39m[38;2;250;208;0m┤[39m",
  "[38;2;76;62;118m│[39m[38;2;76;62;118m   1 _pi:c[39mhello                                                                                                           [39m",
  "[38;2;76;62;118m│[39m[38;2;76;62;118m   2 [39mworld                                                                                                           ",
  "[38;2;76;62;118m│[39m[0m                                                                                                                     ",
  "[38;2;76;62;118m│[39m[0m                                                                                                                     ",
  "[38;2;76;62;118m│[39m[0m                                                                                                                     ",
  "[38;2;76;62;118m│[39m[0m                                                                                                                     ",
  "[38;2;76;62;118m│[39m[0m                                                                                                                     ",
  "[38;2;76;62;118m│[39m[0m                                                                                                                     ",
  "[38;2;76;62;118m│[39m[0m                                                                                                                     ",
  "[38;2;76;62;118m│[39m[0m                                                                                                                     ",
  "[38;2;76;62;118m│[39m[0m                                                                                                                     ",
  "[38;2;76;62;118m│[39m[0m                                                                                                                     ",
  "[38;2;76;62;118m│[39m[0m                                                                                                                     ",
  "[38;2;76;62;118m│[39m[0m                                                                                                                     ",
  "[38;2;76;62;118m│[39m[0m                                                                                                                     ",
  "[38;2;76;62;118m│[39m[0m                                                                                                                     ",
  "[38;2;76;62;118m│[39m[0m                                                                                                                     ",
  "[38;2;76;62;118m│[39m[0m                                                                                                                     ",
  "[38;2;76;62;118m│[39m[0m                                                                                                                     ",
  "[38;2;76;62;118m│[39m[0m                                                                                                                     ",
  "[38;2;76;62;118m│[39m[0m                                                                                                                     ",
  "[38;2;76;62;118m│[39m[0m                                                                                                                     ",
  "[38;2;76;62;118m│[39m[0m                                                                                                                     ",
  "[38;2;76;62;118m│[39m[0m                                                                                                                     ",
  "[38;2;76;62;118m│[39m[0m                                                                                                                     ",
  "[38;2;76;62;118m│[39m[0m                                                                                                                     ",
  "[38;2;76;62;118m│[39m [38;2;76;62;118m esc quit[39m  ↑ nav  pgup scroll  home start  end end  ctrl+s save  ctrl+z undo  ctrl+y redo  ctrl+a select all  ctrl+/ [38;2;76;62;118m│[39m",
  "[38;2;76;62;118m╰[39m[38;2;76;62;118m──────────────────────────────────────────────────────────────────────────────────────────────────────────────────────[39m[38;2;76;62;118m╯[39m",
]
`;

exports[`createEditorComponent > given render output > when rendering help bar > then includes key bindings in help text 1`] = `
[
  "[38;2;250;208;0m╭[39m[38;2;250;208;0m──────────────────────────────────────────────────────────────────────────────────────────────────────────────────────[39m[38;2;250;208;0m╮[39m",
  "[38;2;250;208;0m│[39m[38;2;250;208;0m Editing: test.ts[0m                                                                                                     [39m[38;2;250;208;0m│[39m",
  "[38;2;250;208;0m├[39m[38;2;250;208;0m──────────────────────────────────────────────────────────────────────────────────────────────────────────────────────[39m[38;2;250;208;0m┤[39m",
  "[38;2;76;62;118m│[39m[38;2;76;62;118m   1 _pi:c[39mhello                                                                                                           [39m",
  "[38;2;76;62;118m│[39m[38;2;76;62;118m   2 [39mworld                                                                                                           ",
  "[38;2;76;62;118m│[39m[0m                                                                                                                     ",
  "[38;2;76;62;118m│[39m[0m                                                                                                                     ",
  "[38;2;76;62;118m│[39m[0m                                                                                                                     ",
  "[38;2;76;62;118m│[39m[0m                                                                                                                     ",
  "[38;2;76;62;118m│[39m[0m                                                                                                                     ",
  "[38;2;76;62;118m│[39m[0m                                                                                                                     ",
  "[38;2;76;62;118m│[39m[0m                                                                                                                     ",
  "[38;2;76;62;118m│[39m[0m                                                                                                                     ",
  "[38;2;76;62;118m│[39m[0m                                                                                                                     ",
  "[38;2;76;62;118m│[39m[0m                                                                                                                     ",
  "[38;2;76;62;118m│[39m[0m                                                                                                                     ",
  "[38;2;76;62;118m│[39m[0m                                                                                                                     ",
  "[38;2;76;62;118m│[39m[0m                                                                                                                     ",
  "[38;2;76;62;118m│[39m[0m                                                                                                                     ",
  "[38;2;76;62;118m│[39m[0m                                                                                                                     ",
  "[38;2;76;62;118m│[39m[0m                                                                                                                     ",
  "[38;2;76;62;118m│[39m[0m                                                                                                                     ",
  "[38;2;76;62;118m│[39m[0m                                                                                                                     ",
  "[38;2;76;62;118m│[39m[0m                                                                                                                     ",
  "[38;2;76;62;118m│[39m[0m                                                                                                                     ",
  "[38;2;76;62;118m│[39m[0m                                                                                                                     ",
  "[38;2;76;62;118m│[39m[0m                                                                                                                     ",
  "[38;2;76;62;118m│[39m[0m                                                                                                                     ",
  "[38;2;76;62;118m│[39m[0m                                                                                                                     ",
  "[38;2;76;62;118m│[39m [38;2;76;62;118m esc quit[39m  ↑ nav  pgup scroll  home start  end end  ctrl+s save  ctrl+z undo  ctrl+y redo  ctrl+a select all  ctrl+/ [38;2;76;62;118m│[39m",
  "[38;2;76;62;118m╰[39m[38;2;76;62;118m──────────────────────────────────────────────────────────────────────────────────────────────────────────────────────[39m[38;2;76;62;118m╯[39m",
]
`;

exports[`createEditorComponent > given render output > when rendering with file path > then shows basename in title 1`] = `
[
  "[38;2;250;208;0m╭[39m[38;2;250;208;0m──────────────────────────────────────────────────────────────────────────────────────────────────────────────────────[39m[38;2;250;208;0m╮[39m",
  "[38;2;250;208;0m│[39m[38;2;250;208;0m Editing: myfile.tsx[0m                                                                                                  [39m[38;2;250;208;0m│[39m",
  "[38;2;250;208;0m├[39m[38;2;250;208;0m──────────────────────────────────────────────────────────────────────────────────────────────────────────────────────[39m[38;2;250;208;0m┤[39m",
  "[38;2;76;62;118m│[39m[38;2;76;62;118m   1 _pi:c[39mhello                                                                                                           [39m",
  "[38;2;76;62;118m│[39m[0m                                                                                                                     ",
  "[38;2;76;62;118m│[39m[0m                                                                                                                     ",
  "[38;2;76;62;118m│[39m[0m                                                                                                                     ",
  "[38;2;76;62;118m│[39m[0m                                                                                                                     ",
  "[38;2;76;62;118m│[39m[0m                                                                                                                     ",
  "[38;2;76;62;118m│[39m[0m                                                                                                                     ",
  "[38;2;76;62;118m│[39m[0m                                                                                                                     ",
  "[38;2;76;62;118m│[39m[0m                                                                                                                     ",
  "[38;2;76;62;118m│[39m[0m                                                                                                                     ",
  "[38;2;76;62;118m│[39m[0m                                                                                                                     ",
  "[38;2;76;62;118m│[39m[0m                                                                                                                     ",
  "[38;2;76;62;118m│[39m[0m                                                                                                                     ",
  "[38;2;76;62;118m│[39m[0m                                                                                                                     ",
  "[38;2;76;62;118m│[39m[0m                                                                                                                     ",
  "[38;2;76;62;118m│[39m[0m                                                                                                                     ",
  "[38;2;76;62;118m│[39m[0m                                                                                                                     ",
  "[38;2;76;62;118m│[39m[0m                                                                                                                     ",
  "[38;2;76;62;118m│[39m[0m                                                                                                                     ",
  "[38;2;76;62;118m│[39m[0m                                                                                                                     ",
  "[38;2;76;62;118m│[39m[0m                                                                                                                     ",
  "[38;2;76;62;118m│[39m[0m                                                                                                                     ",
  "[38;2;76;62;118m│[39m[0m                                                                                                                     ",
  "[38;2;76;62;118m│[39m[0m                                                                                                                     ",
  "[38;2;76;62;118m│[39m[0m                                                                                                                     ",
  "[38;2;76;62;118m│[39m[0m                                                                                                                     ",
  "[38;2;76;62;118m│[39m [38;2;76;62;118m esc quit[39m  ↑ nav  pgup scroll  home start  end end  ctrl+s save  ctrl+z undo  ctrl+y redo  ctrl+a select all  ctrl+/ [38;2;76;62;118m│[39m",
  "[38;2;76;62;118m╰[39m[38;2;76;62;118m──────────────────────────────────────────────────────────────────────────────────────────────────────────────────────[39m[38;2;76;62;118m╯[39m",
]
`;

exports[`createEditorComponent > given status notifications > when notify is called with info message > then renders with status in help bar 1`] = `
[
  "[38;2;250;208;0m╭[39m[38;2;250;208;0m──────────────────────────────────────────────────────────────────────────────────────────────────────────────────────[39m[38;2;250;208;0m╮[39m",
  "[38;2;250;208;0m│[39m[38;2;250;208;0m Editing: test.ts[0m                                                                                                     [39m[38;2;250;208;0m│[39m",
  "[38;2;250;208;0m├[39m[38;2;250;208;0m──────────────────────────────────────────────────────────────────────────────────────────────────────────────────────[39m[38;2;250;208;0m┤[39m",
  "[38;2;76;62;118m│[39m[38;2;76;62;118m   1 _pi:c[39mhello                                                                                                           [39m",
  "[38;2;76;62;118m│[39m[38;2;76;62;118m   2 [39mworld                                                                                                           ",
  "[38;2;76;62;118m│[39m[0m                                                                                                                     ",
  "[38;2;76;62;118m│[39m[0m                                                                                                                     ",
  "[38;2;76;62;118m│[39m[0m                                                                                                                     ",
  "[38;2;76;62;118m│[39m[0m                                                                                                                     ",
  "[38;2;76;62;118m│[39m[0m                                                                                                                     ",
  "[38;2;76;62;118m│[39m[0m                                                                                                                     ",
  "[38;2;76;62;118m│[39m[0m                                                                                                                     ",
  "[38;2;76;62;118m│[39m[0m                                                                                                                     ",
  "[38;2;76;62;118m│[39m[0m                                                                                                                     ",
  "[38;2;76;62;118m│[39m[0m                                                                                                                     ",
  "[38;2;76;62;118m│[39m[0m                                                                                                                     ",
  "[38;2;76;62;118m│[39m[0m                                                                                                                     ",
  "[38;2;76;62;118m│[39m[0m                                                                                                                     ",
  "[38;2;76;62;118m│[39m[0m                                                                                                                     ",
  "[38;2;76;62;118m│[39m[0m                                                                                                                     ",
  "[38;2;76;62;118m│[39m[0m                                                                                                                     ",
  "[38;2;76;62;118m│[39m[0m                                                                                                                     ",
  "[38;2;76;62;118m│[39m[0m                                                                                                                     ",
  "[38;2;76;62;118m│[39m[0m                                                                                                                     ",
  "[38;2;76;62;118m│[39m[0m                                                                                                                     ",
  "[38;2;76;62;118m│[39m[0m                                                                                                                     ",
  "[38;2;76;62;118m│[39m[0m                                                                                                                     ",
  "[38;2;76;62;118m│[39m[0m                                                                                                                     ",
  "[38;2;76;62;118m│[39m[0m                                                                                                                     ",
  "[38;2;76;62;118m│[39m [38;2;250;208;0mSaved[39m[0m                                                                                                                [38;2;76;62;118m│[39m",
  "[38;2;76;62;118m╰[39m[38;2;76;62;118m──────────────────────────────────────────────────────────────────────────────────────────────────────────────────────[39m[38;2;76;62;118m╯[39m",
]
`;
