// Vitest Snapshot v1, https://vitest.dev/guide/snapshot.html

exports[`author formatting > then omits author column when no author 1`] = `
[
  "[borderAccent:╭][borderAccent:─────────────────────────────────][border:┬][border:────────────────────────────────────────────────────────────────────────────────────][border:╮]",
  "[borderAccent:│][borderAccent:[accent: Stack (1)                       ]][border:│][border:[accent: [dim:a] commit a                                                                   ]][border:│]",
  "[borderAccent:├][borderAccent:─────────────────────────────────][border:┼][border:────────────────────────────────────────────────────────────────────────────────────][border:┤]",
  "[borderAccent:│][BG:selectedBg:◆ [accent:**commit[border:│][dim: No files changed]                                                             [border:│]",
  "[borderAccent:│]                                 [border:│]                                                                                    [border:│]",
  "[borderAccent:│]                                 [border:│]                                                                                    [border:│]",
  "[borderAccent:│]                                 [border:│]                                                                                    [border:│]",
  "[borderAccent:│]                                 [border:│]                                                                                    [border:│]",
  "[borderAccent:│]                                 [border:│]                                                                                    [border:│]",
  "[borderAccent:│]                                 [border:├][border:────────────────────────────────────────────────────────────────────────────────────][border:┤]",
  "[borderAccent:│]                                 [border:│][accent: Diff: all (a)                                                                      ][border:│]",
  "[borderAccent:│]                                 [border:├][border:────────────────────────────────────────────────────────────────────────────────────][border:┤]",
  "[borderAccent:│]                                 [border:│][dim: No content]                                                                   [border:│]",
  "[borderAccent:│]                                 [border:│]                                                                                    [border:│]",
  "[borderAccent:│]                                 [border:│]                                                                                    [border:│]",
  "[borderAccent:│]                                 [border:│]                                                                                    [border:│]",
  "[borderAccent:│]                                 [border:│]                                                                                    [border:│]",
  "[borderAccent:│]                                 [border:│]                                                                                    [border:│]",
  "[borderAccent:│]                                 [border:│]                                                                                    [border:│]",
  "[borderAccent:│]                                 [border:│]                                                                                    [border:│]",
  "[borderAccent:│]                                 [border:│]                                                                                    [border:│]",
  "[borderAccent:│]                                 [border:│]                                                                                    [border:│]",
  "[borderAccent:│]                                 [border:│]                                                                                    [border:│]",
  "[borderAccent:│]                                 [border:│]                                                                                    [border:│]",
  "[borderAccent:│]                                 [border:│]                                                                                    [border:│]",
  "[borderAccent:├][borderAccent:─────────────────────────────────][border:┴][border:────────────────────────────────────────────────────────────────────────────────────][border:┤]",
  "[border:│][dim:                                                                                                                      ][border:│]",
  "[border:╰][border:──────────────────────────────────────────────────────────────────────────────────────────────────────────────────────][border:╯]",
]
`;

exports[`author formatting > then renders author column when present 1`] = `
[
  "[borderAccent:╭][borderAccent:─────────────────────────────────][border:┬][border:────────────────────────────────────────────────────────────────────────────────────][border:╮]",
  "[borderAccent:│][borderAccent:[accent: Stack (2)                       ]][border:│][border:[accent: [dim:a] commit a                                                                   ]][border:│]",
  "[borderAccent:├][borderAccent:─────────────────────────────────][border:┼][border:────────────────────────────────────────────────────────────────────────────────────][border:┤]",
  "[borderAccent:│][BG:selectedBg:◆ [accent:**com[di[border:│][dim: No files changed]                                                             [border:│]",
  "[borderAccent:│]◆ commit b       [dim: Bob Jones][border:│]                                                                                    [border:│]",
  "[borderAccent:│]                                 [border:│]                                                                                    [border:│]",
  "[borderAccent:│]                                 [border:│]                                                                                    [border:│]",
  "[borderAccent:│]                                 [border:│]                                                                                    [border:│]",
  "[borderAccent:│]                                 [border:│]                                                                                    [border:│]",
  "[borderAccent:│]                                 [border:├][border:────────────────────────────────────────────────────────────────────────────────────][border:┤]",
  "[borderAccent:│]                                 [border:│][accent: Diff: all (a)                                                                      ][border:│]",
  "[borderAccent:│]                                 [border:├][border:────────────────────────────────────────────────────────────────────────────────────][border:┤]",
  "[borderAccent:│]                                 [border:│][dim: No content]                                                                   [border:│]",
  "[borderAccent:│]                                 [border:│]                                                                                    [border:│]",
  "[borderAccent:│]                                 [border:│]                                                                                    [border:│]",
  "[borderAccent:│]                                 [border:│]                                                                                    [border:│]",
  "[borderAccent:│]                                 [border:│]                                                                                    [border:│]",
  "[borderAccent:│]                                 [border:│]                                                                                    [border:│]",
  "[borderAccent:│]                                 [border:│]                                                                                    [border:│]",
  "[borderAccent:│]                                 [border:│]                                                                                    [border:│]",
  "[borderAccent:│]                                 [border:│]                                                                                    [border:│]",
  "[borderAccent:│]                                 [border:│]                                                                                    [border:│]",
  "[borderAccent:│]                                 [border:│]                                                                                    [border:│]",
  "[borderAccent:│]                                 [border:│]                                                                                    [border:│]",
  "[borderAccent:│]                                 [border:│]                                                                                    [border:│]",
  "[borderAccent:├][borderAccent:─────────────────────────────────][border:┴][border:────────────────────────────────────────────────────────────────────────────────────][border:┤]",
  "[border:│][dim:                                                                                                                      ][border:│]",
  "[border:╰][border:──────────────────────────────────────────────────────────────────────────────────────────────────────────────────────][border:╯]",
]
`;

exports[`edge cases > then handles change with empty description 1`] = `
[
  "[borderAccent:╭][borderAccent:─────────────────────────────────][border:┬][border:────────────────────────────────────────────────────────────────────────────────────][border:╮]",
  "[borderAccent:│][borderAccent:[accent: Stack (1)                       ]][border:│][border:[accent: [dim:empty-de] (no description)                                                    ]][border:│]",
  "[borderAccent:├][borderAccent:─────────────────────────────────][border:┼][border:────────────────────────────────────────────────────────────────────────────────────][border:┤]",
  "[borderAccent:│][BG:selectedBg:◆ [accent:****]   [border:│][dim: No files changed]                                                             [border:│]",
  "[borderAccent:│]                                 [border:│]                                                                                    [border:│]",
  "[borderAccent:│]                                 [border:│]                                                                                    [border:│]",
  "[borderAccent:│]                                 [border:│]                                                                                    [border:│]",
  "[borderAccent:│]                                 [border:│]                                                                                    [border:│]",
  "[borderAccent:│]                                 [border:│]                                                                                    [border:│]",
  "[borderAccent:│]                                 [border:├][border:────────────────────────────────────────────────────────────────────────────────────][border:┤]",
  "[borderAccent:│]                                 [border:│][accent: Diff: all (empty-de)                                                               ][border:│]",
  "[borderAccent:│]                                 [border:├][border:────────────────────────────────────────────────────────────────────────────────────][border:┤]",
  "[borderAccent:│]                                 [border:│][dim: No content]                                                                   [border:│]",
  "[borderAccent:│]                                 [border:│]                                                                                    [border:│]",
  "[borderAccent:│]                                 [border:│]                                                                                    [border:│]",
  "[borderAccent:│]                                 [border:│]                                                                                    [border:│]",
  "[borderAccent:│]                                 [border:│]                                                                                    [border:│]",
  "[borderAccent:│]                                 [border:│]                                                                                    [border:│]",
  "[borderAccent:│]                                 [border:│]                                                                                    [border:│]",
  "[borderAccent:│]                                 [border:│]                                                                                    [border:│]",
  "[borderAccent:│]                                 [border:│]                                                                                    [border:│]",
  "[borderAccent:│]                                 [border:│]                                                                                    [border:│]",
  "[borderAccent:│]                                 [border:│]                                                                                    [border:│]",
  "[borderAccent:│]                                 [border:│]                                                                                    [border:│]",
  "[borderAccent:│]                                 [border:│]                                                                                    [border:│]",
  "[borderAccent:├][borderAccent:─────────────────────────────────][border:┴][border:────────────────────────────────────────────────────────────────────────────────────][border:┤]",
  "[border:│][dim:                                                                                                                      ][border:│]",
  "[border:╰][border:──────────────────────────────────────────────────────────────────────────────────────────────────────────────────────][border:╯]",
]
`;

exports[`edge cases > then handles single character width gracefully 1`] = `
[
  "[borderAccent:╭][borderAccent:────────][border:┬][border:───────────────────][border:╮]",
  "[borderAccent:│][borderAccent:[accent: Stack (]][border:│][border:[accent: [dim:x] short     ]][border:│]",
  "[borderAccent:├][borderAccent:────────][border:┼][border:───────────────────][border:┤]",
  "[borderAccent:│][BG:sele[border:│][dim: No files chan[border:│]",
  "[borderAccent:│]        [border:│]                   [border:│]",
  "[borderAccent:│]        [border:│]                   [border:│]",
  "[borderAccent:│]        [border:├][border:───────────────────][border:┤]",
  "[borderAccent:│]        [border:│][accent: Diff: all (x)     ][border:│]",
  "[borderAccent:│]        [border:├][border:───────────────────][border:┤]",
  "[borderAccent:│]        [border:│][dim: No content]  [border:│]",
  "[borderAccent:│]        [border:│]                   [border:│]",
  "[borderAccent:│]        [border:│]                   [border:│]",
  "[borderAccent:│]        [border:│]                   [border:│]",
  "[borderAccent:│]        [border:│]                   [border:│]",
  "[borderAccent:│]        [border:│]                   [border:│]",
  "[borderAccent:├][borderAccent:────────][border:┴][border:───────────────────][border:┤]",
  "[border:│][dim:                            ][border:│]",
  "[border:╰][border:────────────────────────────][border:╯]",
]
`;

exports[`edge cases > then handles very long descriptions with truncation 1`] = `
[
  "[borderAccent:╭][borderAccent:──────────────────────][border:┬][border:───────────────────────────────────────────────────────][border:╮]",
  "[borderAccent:│][borderAccent:[accent: Stack (1)            ]][border:│][border:[accent: [dim:long] This is a very long commit message that sho]][border:│]",
  "[borderAccent:├][borderAccent:──────────────────────][border:┼][border:───────────────────────────────────────────────────────][border:┤]",
  "[borderAccent:│][BG:selectedBg:◆ [[dim[border:│][dim: No files changed]                                [border:│]",
  "[borderAccent:│]                      [border:│]                                                       [border:│]",
  "[borderAccent:│]                      [border:│]                                                       [border:│]",
  "[borderAccent:│]                      [border:│]                                                       [border:│]",
  "[borderAccent:│]                      [border:│]                                                       [border:│]",
  "[borderAccent:│]                      [border:│]                                                       [border:│]",
  "[borderAccent:│]                      [border:├][border:───────────────────────────────────────────────────────][border:┤]",
  "[borderAccent:│]                      [border:│][accent: Diff: all (long)                                      ][border:│]",
  "[borderAccent:│]                      [border:├][border:───────────────────────────────────────────────────────][border:┤]",
  "[borderAccent:│]                      [border:│][dim: No content]                                      [border:│]",
  "[borderAccent:│]                      [border:│]                                                       [border:│]",
  "[borderAccent:│]                      [border:│]                                                       [border:│]",
  "[borderAccent:│]                      [border:│]                                                       [border:│]",
  "[borderAccent:│]                      [border:│]                                                       [border:│]",
  "[borderAccent:│]                      [border:│]                                                       [border:│]",
  "[borderAccent:│]                      [border:│]                                                       [border:│]",
  "[borderAccent:│]                      [border:│]                                                       [border:│]",
  "[borderAccent:│]                      [border:│]                                                       [border:│]",
  "[borderAccent:│]                      [border:│]                                                       [border:│]",
  "[borderAccent:│]                      [border:│]                                                       [border:│]",
  "[borderAccent:│]                      [border:│]                                                       [border:│]",
  "[borderAccent:│]                      [border:│]                                                       [border:│]",
  "[borderAccent:├][borderAccent:──────────────────────][border:┴][border:───────────────────────────────────────────────────────][border:┤]",
  "[border:│][dim:                                                                              ][border:│]",
  "[border:╰][border:──────────────────────────────────────────────────────────────────────────────][border:╯]",
]
`;

exports[`edge cases > then renders change at bottom of list 1`] = `
[
  "[borderAccent:╭][borderAccent:─────────────────────────────────][border:┬][border:────────────────────────────────────────────────────────────────────────────────────][border:╮]",
  "[borderAccent:│][borderAccent:[accent: Stack (3)                       ]][border:│][border:[accent: [dim:a] first                                                                      ]][border:│]",
  "[borderAccent:├][borderAccent:─────────────────────────────────][border:┼][border:────────────────────────────────────────────────────────────────────────────────────][border:┤]",
  "[borderAccent:│]◆ first              [dim: Alice][border:│][dim: No files changed]                                                             [border:│]",
  "[borderAccent:│]◆ second             [dim: Alice][border:│]                                                                                    [border:│]",
  "[borderAccent:│][BG:selectedBg:│ ◆ [accent:**thir[border:│]                                                                                    [border:│]",
  "[borderAccent:│]                                 [border:│]                                                                                    [border:│]",
  "[borderAccent:│]                                 [border:│]                                                                                    [border:│]",
  "[borderAccent:│]                                 [border:│]                                                                                    [border:│]",
  "[borderAccent:│]                                 [border:├][border:────────────────────────────────────────────────────────────────────────────────────][border:┤]",
  "[borderAccent:│]                                 [border:│][accent: Diff: all (a)                                                                      ][border:│]",
  "[borderAccent:│]                                 [border:├][border:────────────────────────────────────────────────────────────────────────────────────][border:┤]",
  "[borderAccent:│]                                 [border:│][dim: No content]                                                                   [border:│]",
  "[borderAccent:│]                                 [border:│]                                                                                    [border:│]",
  "[borderAccent:│]                                 [border:│]                                                                                    [border:│]",
  "[borderAccent:│]                                 [border:│]                                                                                    [border:│]",
  "[borderAccent:│]                                 [border:│]                                                                                    [border:│]",
  "[borderAccent:│]                                 [border:│]                                                                                    [border:│]",
  "[borderAccent:│]                                 [border:│]                                                                                    [border:│]",
  "[borderAccent:│]                                 [border:│]                                                                                    [border:│]",
  "[borderAccent:│]                                 [border:│]                                                                                    [border:│]",
  "[borderAccent:│]                                 [border:│]                                                                                    [border:│]",
  "[borderAccent:│]                                 [border:│]                                                                                    [border:│]",
  "[borderAccent:│]                                 [border:│]                                                                                    [border:│]",
  "[borderAccent:│]                                 [border:│]                                                                                    [border:│]",
  "[borderAccent:├][borderAccent:─────────────────────────────────][border:┴][border:────────────────────────────────────────────────────────────────────────────────────][border:┤]",
  "[border:│][dim:                                                                                                                      ][border:│]",
  "[border:╰][border:──────────────────────────────────────────────────────────────────────────────────────────────────────────────────────][border:╯]",
]
`;

exports[`edge cases > then renders change with multiple bookmarks 1`] = `
[
  "[borderAccent:╭][borderAccent:─────────────────────────────────][border:┬][border:────────────────────────────────────────────────────────────────────────────────────][border:╮]",
  "[borderAccent:│][borderAccent:[accent: Stack (1)                       ]][border:│][border:[accent: [dim:abc] feature commit                                                           ]][border:│]",
  "[borderAccent:├][borderAccent:─────────────────────────────────][border:┼][border:────────────────────────────────────────────────────────────────────────────────────][border:┤]",
  "[borderAccent:│][BG:selectedBg:◆ [I:[accent: 󰃀 ma[border:│][dim: No files changed]                                                             [border:│]",
  "[borderAccent:│]                                 [border:│]                                                                                    [border:│]",
  "[borderAccent:│]                                 [border:│]                                                                                    [border:│]",
  "[borderAccent:│]                                 [border:│]                                                                                    [border:│]",
  "[borderAccent:│]                                 [border:│]                                                                                    [border:│]",
  "[borderAccent:│]                                 [border:│]                                                                                    [border:│]",
  "[borderAccent:│]                                 [border:├][border:────────────────────────────────────────────────────────────────────────────────────][border:┤]",
  "[borderAccent:│]                                 [border:│][accent: Diff: all (abc)                                                                    ][border:│]",
  "[borderAccent:│]                                 [border:├][border:────────────────────────────────────────────────────────────────────────────────────][border:┤]",
  "[borderAccent:│]                                 [border:│][dim: No content]                                                                   [border:│]",
  "[borderAccent:│]                                 [border:│]                                                                                    [border:│]",
  "[borderAccent:│]                                 [border:│]                                                                                    [border:│]",
  "[borderAccent:│]                                 [border:│]                                                                                    [border:│]",
  "[borderAccent:│]                                 [border:│]                                                                                    [border:│]",
  "[borderAccent:│]                                 [border:│]                                                                                    [border:│]",
  "[borderAccent:│]                                 [border:│]                                                                                    [border:│]",
  "[borderAccent:│]                                 [border:│]                                                                                    [border:│]",
  "[borderAccent:│]                                 [border:│]                                                                                    [border:│]",
  "[borderAccent:│]                                 [border:│]                                                                                    [border:│]",
  "[borderAccent:│]                                 [border:│]                                                                                    [border:│]",
  "[borderAccent:│]                                 [border:│]                                                                                    [border:│]",
  "[borderAccent:│]                                 [border:│]                                                                                    [border:│]",
  "[borderAccent:├][borderAccent:─────────────────────────────────][border:┴][border:────────────────────────────────────────────────────────────────────────────────────][border:┤]",
  "[border:│][dim:                                                                                                                      ][border:│]",
  "[border:╰][border:──────────────────────────────────────────────────────────────────────────────────────────────────────────────────────][border:╯]",
]
`;

exports[`edge cases > then renders change with single bookmark 1`] = `
[
  "[borderAccent:╭][borderAccent:─────────────────────────────────][border:┬][border:────────────────────────────────────────────────────────────────────────────────────][border:╮]",
  "[borderAccent:│][borderAccent:[accent: Stack (1)                       ]][border:│][border:[accent: [dim:abc] feature commit                                                           ]][border:│]",
  "[borderAccent:├][borderAccent:─────────────────────────────────][border:┼][border:────────────────────────────────────────────────────────────────────────────────────][border:┤]",
  "[borderAccent:│][BG:selectedBg:◆ [I:[accent: 󰃀 ma[border:│][dim: No files changed]                                                             [border:│]",
  "[borderAccent:│]                                 [border:│]                                                                                    [border:│]",
  "[borderAccent:│]                                 [border:│]                                                                                    [border:│]",
  "[borderAccent:│]                                 [border:│]                                                                                    [border:│]",
  "[borderAccent:│]                                 [border:│]                                                                                    [border:│]",
  "[borderAccent:│]                                 [border:│]                                                                                    [border:│]",
  "[borderAccent:│]                                 [border:├][border:────────────────────────────────────────────────────────────────────────────────────][border:┤]",
  "[borderAccent:│]                                 [border:│][accent: Diff: all (abc)                                                                    ][border:│]",
  "[borderAccent:│]                                 [border:├][border:────────────────────────────────────────────────────────────────────────────────────][border:┤]",
  "[borderAccent:│]                                 [border:│][dim: No content]                                                                   [border:│]",
  "[borderAccent:│]                                 [border:│]                                                                                    [border:│]",
  "[borderAccent:│]                                 [border:│]                                                                                    [border:│]",
  "[borderAccent:│]                                 [border:│]                                                                                    [border:│]",
  "[borderAccent:│]                                 [border:│]                                                                                    [border:│]",
  "[borderAccent:│]                                 [border:│]                                                                                    [border:│]",
  "[borderAccent:│]                                 [border:│]                                                                                    [border:│]",
  "[borderAccent:│]                                 [border:│]                                                                                    [border:│]",
  "[borderAccent:│]                                 [border:│]                                                                                    [border:│]",
  "[borderAccent:│]                                 [border:│]                                                                                    [border:│]",
  "[borderAccent:│]                                 [border:│]                                                                                    [border:│]",
  "[borderAccent:│]                                 [border:│]                                                                                    [border:│]",
  "[borderAccent:│]                                 [border:│]                                                                                    [border:│]",
  "[borderAccent:├][borderAccent:─────────────────────────────────][border:┴][border:────────────────────────────────────────────────────────────────────────────────────][border:┤]",
  "[border:│][dim:                                                                                                                      ][border:│]",
  "[border:╰][border:──────────────────────────────────────────────────────────────────────────────────────────────────────────────────────][border:╯]",
]
`;

exports[`edge cases > then renders filter name in left title 1`] = `
[
  "[borderAccent:╭][borderAccent:─────────────────────────────────][border:┬][border:────────────────────────────────────────────────────────────────────────────────────][border:╮]",
  "[borderAccent:│][borderAccent:[accent: Mine (1)                        ]][border:│][border:[accent: [dim:a] change a                                                                   ]][border:│]",
  "[borderAccent:├][borderAccent:─────────────────────────────────][border:┼][border:────────────────────────────────────────────────────────────────────────────────────][border:┤]",
  "[borderAccent:│][BG:selectedBg:◆ [accent:**change[border:│][dim: No files changed]                                                             [border:│]",
  "[borderAccent:│]                                 [border:│]                                                                                    [border:│]",
  "[borderAccent:│]                                 [border:│]                                                                                    [border:│]",
  "[borderAccent:│]                                 [border:│]                                                                                    [border:│]",
  "[borderAccent:│]                                 [border:│]                                                                                    [border:│]",
  "[borderAccent:│]                                 [border:│]                                                                                    [border:│]",
  "[borderAccent:│]                                 [border:├][border:────────────────────────────────────────────────────────────────────────────────────][border:┤]",
  "[borderAccent:│]                                 [border:│][accent: Diff: all (a)                                                                      ][border:│]",
  "[borderAccent:│]                                 [border:├][border:────────────────────────────────────────────────────────────────────────────────────][border:┤]",
  "[borderAccent:│]                                 [border:│][dim: No content]                                                                   [border:│]",
  "[borderAccent:│]                                 [border:│]                                                                                    [border:│]",
  "[borderAccent:│]                                 [border:│]                                                                                    [border:│]",
  "[borderAccent:│]                                 [border:│]                                                                                    [border:│]",
  "[borderAccent:│]                                 [border:│]                                                                                    [border:│]",
  "[borderAccent:│]                                 [border:│]                                                                                    [border:│]",
  "[borderAccent:│]                                 [border:│]                                                                                    [border:│]",
  "[borderAccent:│]                                 [border:│]                                                                                    [border:│]",
  "[borderAccent:│]                                 [border:│]                                                                                    [border:│]",
  "[borderAccent:│]                                 [border:│]                                                                                    [border:│]",
  "[borderAccent:│]                                 [border:│]                                                                                    [border:│]",
  "[borderAccent:│]                                 [border:│]                                                                                    [border:│]",
  "[borderAccent:│]                                 [border:│]                                                                                    [border:│]",
  "[borderAccent:├][borderAccent:─────────────────────────────────][border:┴][border:────────────────────────────────────────────────────────────────────────────────────][border:┤]",
  "[border:│][dim:                                                                                                                      ][border:│]",
  "[border:╰][border:──────────────────────────────────────────────────────────────────────────────────────────────────────────────────────][border:╯]",
]
`;

exports[`edge cases > then renders working copy as selected change 1`] = `
[
  "[borderAccent:╭][borderAccent:─────────────────────────────────][border:┬][border:────────────────────────────────────────────────────────────────────────────────────][border:╮]",
  "[borderAccent:│][borderAccent:[accent: Stack (2)                       ]][border:│][border:[accent: [dim:wc] work in progress                                                          ]][border:│]",
  "[borderAccent:├][borderAccent:─────────────────────────────────][border:┼][border:────────────────────────────────────────────────────────────────────────────────────][border:┤]",
  "[borderAccent:│][BG:selectedBg:[accent:◉ ][accent[border:│][dim: No files changed]                                                             [border:│]",
  "[borderAccent:│]◆ previous commit      [dim: Bob][border:│]                                                                                    [border:│]",
  "[borderAccent:│]                                 [border:│]                                                                                    [border:│]",
  "[borderAccent:│]                                 [border:│]                                                                                    [border:│]",
  "[borderAccent:│]                                 [border:│]                                                                                    [border:│]",
  "[borderAccent:│]                                 [border:│]                                                                                    [border:│]",
  "[borderAccent:│]                                 [border:├][border:────────────────────────────────────────────────────────────────────────────────────][border:┤]",
  "[borderAccent:│]                                 [border:│][accent: Diff: all (wc)                                                                     ][border:│]",
  "[borderAccent:│]                                 [border:├][border:────────────────────────────────────────────────────────────────────────────────────][border:┤]",
  "[borderAccent:│]                                 [border:│][dim: No content]                                                                   [border:│]",
  "[borderAccent:│]                                 [border:│]                                                                                    [border:│]",
  "[borderAccent:│]                                 [border:│]                                                                                    [border:│]",
  "[borderAccent:│]                                 [border:│]                                                                                    [border:│]",
  "[borderAccent:│]                                 [border:│]                                                                                    [border:│]",
  "[borderAccent:│]                                 [border:│]                                                                                    [border:│]",
  "[borderAccent:│]                                 [border:│]                                                                                    [border:│]",
  "[borderAccent:│]                                 [border:│]                                                                                    [border:│]",
  "[borderAccent:│]                                 [border:│]                                                                                    [border:│]",
  "[borderAccent:│]                                 [border:│]                                                                                    [border:│]",
  "[borderAccent:│]                                 [border:│]                                                                                    [border:│]",
  "[borderAccent:│]                                 [border:│]                                                                                    [border:│]",
  "[borderAccent:│]                                 [border:│]                                                                                    [border:│]",
  "[borderAccent:├][borderAccent:─────────────────────────────────][border:┴][border:────────────────────────────────────────────────────────────────────────────────────][border:┤]",
  "[border:│][dim:                                                                                                                      ][border:│]",
  "[border:╰][border:──────────────────────────────────────────────────────────────────────────────────────────────────────────────────────][border:╯]",
]
`;

exports[`linear chain graph renders with tree structure > then renders bookmarks in change rows 1`] = `
[
  "[borderAccent:╭][borderAccent:─────────────────────────────────][border:┬][border:────────────────────────────────────────────────────────────────────────────────────][border:╮]",
  "[borderAccent:│][borderAccent:[accent: Stack (1)                       ]][border:│][border:[accent: [dim:abc] feat: main feature                                                       ]][border:│]",
  "[borderAccent:├][borderAccent:─────────────────────────────────][border:┼][border:────────────────────────────────────────────────────────────────────────────────────][border:┤]",
  "[borderAccent:│][BG:selectedBg:◆ [I:[accent: 󰃀 ma[border:│][dim: No files changed]                                                             [border:│]",
  "[borderAccent:│]                                 [border:│]                                                                                    [border:│]",
  "[borderAccent:│]                                 [border:│]                                                                                    [border:│]",
  "[borderAccent:│]                                 [border:│]                                                                                    [border:│]",
  "[borderAccent:│]                                 [border:│]                                                                                    [border:│]",
  "[borderAccent:│]                                 [border:│]                                                                                    [border:│]",
  "[borderAccent:│]                                 [border:├][border:────────────────────────────────────────────────────────────────────────────────────][border:┤]",
  "[borderAccent:│]                                 [border:│][accent: Diff: all (abc)                                                                    ][border:│]",
  "[borderAccent:│]                                 [border:├][border:────────────────────────────────────────────────────────────────────────────────────][border:┤]",
  "[borderAccent:│]                                 [border:│][dim: No content]                                                                   [border:│]",
  "[borderAccent:│]                                 [border:│]                                                                                    [border:│]",
  "[borderAccent:│]                                 [border:│]                                                                                    [border:│]",
  "[borderAccent:│]                                 [border:│]                                                                                    [border:│]",
  "[borderAccent:│]                                 [border:│]                                                                                    [border:│]",
  "[borderAccent:│]                                 [border:│]                                                                                    [border:│]",
  "[borderAccent:│]                                 [border:│]                                                                                    [border:│]",
  "[borderAccent:│]                                 [border:│]                                                                                    [border:│]",
  "[borderAccent:│]                                 [border:│]                                                                                    [border:│]",
  "[borderAccent:│]                                 [border:│]                                                                                    [border:│]",
  "[borderAccent:│]                                 [border:│]                                                                                    [border:│]",
  "[borderAccent:│]                                 [border:│]                                                                                    [border:│]",
  "[borderAccent:│]                                 [border:│]                                                                                    [border:│]",
  "[borderAccent:├][borderAccent:─────────────────────────────────][border:┴][border:────────────────────────────────────────────────────────────────────────────────────][border:┤]",
  "[border:│][dim:                                                                                                                      ][border:│]",
  "[border:╰][border:──────────────────────────────────────────────────────────────────────────────────────────────────────────────────────][border:╯]",
]
`;

exports[`linear chain graph renders with tree structure > then renders correctly at narrow width with clipping 1`] = `
[
  "[borderAccent:╭][borderAccent:────────────────][border:┬][border:─────────────────────────────────────────][border:╮]",
  "[borderAccent:│][borderAccent:[accent: Stack (1)      ]][border:│][border:[accent: [dim:long] feat: add very long descripti]][border:│]",
  "[borderAccent:├][borderAccent:────────────────][border:┼][border:─────────────────────────────────────────][border:┤]",
  "[borderAccent:│][BG:selectedBg:◆[border:│][dim: No files changed]                  [border:│]",
  "[borderAccent:│]                [border:│]                                         [border:│]",
  "[borderAccent:│]                [border:│]                                         [border:│]",
  "[borderAccent:│]                [border:├][border:─────────────────────────────────────────][border:┤]",
  "[borderAccent:│]                [border:│][accent: Diff: all (long)                        ][border:│]",
  "[borderAccent:│]                [border:├][border:─────────────────────────────────────────][border:┤]",
  "[borderAccent:│]                [border:│][dim: No content]                        [border:│]",
  "[borderAccent:│]                [border:│]                                         [border:│]",
  "[borderAccent:│]                [border:│]                                         [border:│]",
  "[borderAccent:│]                [border:│]                                         [border:│]",
  "[borderAccent:│]                [border:│]                                         [border:│]",
  "[borderAccent:│]                [border:│]                                         [border:│]",
  "[borderAccent:├][borderAccent:────────────────][border:┴][border:─────────────────────────────────────────][border:┤]",
  "[border:│][dim:                                                          ][border:│]",
  "[border:╰][border:──────────────────────────────────────────────────────────][border:╯]",
]
`;

exports[`linear chain graph renders with tree structure > then renders full split-panel layout for selected change 1`] = `
[
  "[borderAccent:╭][borderAccent:─────────────────────────────────][border:┬][border:────────────────────────────────────────────────────────────────────────────────────][border:╮]",
  "[borderAccent:│][borderAccent:[accent: Stack (1)                       ]][border:│][border:[accent: [dim:abc] feat: add login page                                                     ]][border:│]",
  "[borderAccent:├][borderAccent:─────────────────────────────────][border:┼][border:────────────────────────────────────────────────────────────────────────────────────][border:┤]",
  "[borderAccent:│][BG:selectedBg:◆ [accent:**feat: [border:│][BG:selectedBg:󰜈 [toolDiffAdded:src/login.tsx]                                [toolD[border:│]",
  "[borderAccent:│]                                 [border:│]󰜈 [warning:src/App.tsx]                                               [warning:󰏫 4] [border:│]",
  "[borderAccent:│]                                 [border:│]                                                                                    [border:│]",
  "[borderAccent:│]                                 [border:│]                                                                                    [border:│]",
  "[borderAccent:│]                                 [border:│]                                                                                    [border:│]",
  "[borderAccent:│]                                 [border:│]                                                                                    [border:│]",
  "[borderAccent:│]                                 [border:├][border:────────────────────────────────────────────────────────────────────────────────────][border:┤]",
  "[borderAccent:│]                                 [border:│][accent: Diff: src/login.tsx (abc)                                                          ][border:│]",
  "[borderAccent:│]                                 [border:├][border:────────────────────────────────────────────────────────────────────────────────────][border:┤]",
  "[borderAccent:│]                                 [border:│]  diff --git a/src/login.tsx b/src/login.tsx                                        [border:│]",
  "[borderAccent:│]                                 [border:│]  +++ b/src/login.tsx                                                               [border:│]",
  "[borderAccent:│]                                 [border:│]  @@ -0,0 +1,50 @@                                                                  [border:│]",
  "[borderAccent:│]                                 [border:│]  +export function Login() {                                                        [border:│]",
  "[borderAccent:│]                                 [border:│]  +  return <div>Login</div>;                                                       [border:│]",
  "[borderAccent:│]                                 [border:│]  +}                                                                                [border:│]",
  "[borderAccent:│]                                 [border:│]                                                                                    [border:│]",
  "[borderAccent:│]                                 [border:│]                                                                                    [border:│]",
  "[borderAccent:│]                                 [border:│]                                                                                    [border:│]",
  "[borderAccent:│]                                 [border:│]                                                                                    [border:│]",
  "[borderAccent:│]                                 [border:│]                                                                                    [border:│]",
  "[borderAccent:│]                                 [border:│]                                                                                    [border:│]",
  "[borderAccent:│]                                 [border:│]                                                                                    [border:│]",
  "[borderAccent:├][borderAccent:─────────────────────────────────][border:┴][border:────────────────────────────────────────────────────────────────────────────────────][border:┤]",
  "[border:│][dim:                                                                                                                      ][border:│]",
  "[border:╰][border:──────────────────────────────────────────────────────────────────────────────────────────────────────────────────────][border:╯]",
]
`;

exports[`linear chain graph renders with tree structure > then renders immutable commits with dim styling 1`] = `
[
  "[borderAccent:╭][borderAccent:─────────────────────────────────][border:┬][border:────────────────────────────────────────────────────────────────────────────────────][border:╮]",
  "[borderAccent:│][borderAccent:[accent: Stack (2)                       ]][border:│][border:[accent: [dim:imm] immutable commit                                                         ]][border:│]",
  "[borderAccent:├][borderAccent:─────────────────────────────────][border:┼][border:────────────────────────────────────────────────────────────────────────────────────][border:┤]",
  "[borderAccent:│][BG:selectedBg:[dim:○ ][dim:][acc[border:│][dim: No files changed]                                                             [border:│]",
  "[borderAccent:│]◆ mutable commit     [dim: Alice][border:│]                                                                                    [border:│]",
  "[borderAccent:│]                                 [border:│]                                                                                    [border:│]",
  "[borderAccent:│]                                 [border:│]                                                                                    [border:│]",
  "[borderAccent:│]                                 [border:│]                                                                                    [border:│]",
  "[borderAccent:│]                                 [border:│]                                                                                    [border:│]",
  "[borderAccent:│]                                 [border:├][border:────────────────────────────────────────────────────────────────────────────────────][border:┤]",
  "[borderAccent:│]                                 [border:│][accent: Diff: all (imm)                                                                    ][border:│]",
  "[borderAccent:│]                                 [border:├][border:────────────────────────────────────────────────────────────────────────────────────][border:┤]",
  "[borderAccent:│]                                 [border:│][dim: No content]                                                                   [border:│]",
  "[borderAccent:│]                                 [border:│]                                                                                    [border:│]",
  "[borderAccent:│]                                 [border:│]                                                                                    [border:│]",
  "[borderAccent:│]                                 [border:│]                                                                                    [border:│]",
  "[borderAccent:│]                                 [border:│]                                                                                    [border:│]",
  "[borderAccent:│]                                 [border:│]                                                                                    [border:│]",
  "[borderAccent:│]                                 [border:│]                                                                                    [border:│]",
  "[borderAccent:│]                                 [border:│]                                                                                    [border:│]",
  "[borderAccent:│]                                 [border:│]                                                                                    [border:│]",
  "[borderAccent:│]                                 [border:│]                                                                                    [border:│]",
  "[borderAccent:│]                                 [border:│]                                                                                    [border:│]",
  "[borderAccent:│]                                 [border:│]                                                                                    [border:│]",
  "[borderAccent:│]                                 [border:│]                                                                                    [border:│]",
  "[borderAccent:├][borderAccent:─────────────────────────────────][border:┴][border:────────────────────────────────────────────────────────────────────────────────────][border:┤]",
  "[border:│][dim:                                                                                                                      ][border:│]",
  "[border:╰][border:──────────────────────────────────────────────────────────────────────────────────────────────────────────────────────][border:╯]",
]
`;

exports[`linear chain graph renders with tree structure > then renders merge graph with branch symbols 1`] = `
[
  "[borderAccent:╭][borderAccent:─────────────────────────────────][border:┬][border:────────────────────────────────────────────────────────────────────────────────────][border:╮]",
  "[borderAccent:│][borderAccent:[accent: Stack (4)                       ]][border:│][border:[accent: [dim:tip] merge feature into main                                                  ]][border:│]",
  "[borderAccent:├][borderAccent:─────────────────────────────────][border:┼][border:────────────────────────────────────────────────────────────────────────────────────][border:┤]",
  "[borderAccent:│][BG:selectedBg:◆─╮ [accent:**merg[border:│][dim: No files changed]                                                             [border:│]",
  "[borderAccent:│]◆ │ feat: add new featu[dim: Bob][border:│]                                                                                    [border:│]",
  "[borderAccent:│]│ ◆ fix: critical fix[dim: Alice][border:│]                                                                                    [border:│]",
  "[borderAccent:│]◆ ╯ shared base commi[dim: Alice][border:│]                                                                                    [border:│]",
  "[borderAccent:│]                                 [border:│]                                                                                    [border:│]",
  "[borderAccent:│]                                 [border:│]                                                                                    [border:│]",
  "[borderAccent:│]                                 [border:├][border:────────────────────────────────────────────────────────────────────────────────────][border:┤]",
  "[borderAccent:│]                                 [border:│][accent: Diff: all (tip)                                                                    ][border:│]",
  "[borderAccent:│]                                 [border:├][border:────────────────────────────────────────────────────────────────────────────────────][border:┤]",
  "[borderAccent:│]                                 [border:│][dim: No content]                                                                   [border:│]",
  "[borderAccent:│]                                 [border:│]                                                                                    [border:│]",
  "[borderAccent:│]                                 [border:│]                                                                                    [border:│]",
  "[borderAccent:│]                                 [border:│]                                                                                    [border:│]",
  "[borderAccent:│]                                 [border:│]                                                                                    [border:│]",
  "[borderAccent:│]                                 [border:│]                                                                                    [border:│]",
  "[borderAccent:│]                                 [border:│]                                                                                    [border:│]",
  "[borderAccent:│]                                 [border:│]                                                                                    [border:│]",
  "[borderAccent:│]                                 [border:│]                                                                                    [border:│]",
  "[borderAccent:│]                                 [border:│]                                                                                    [border:│]",
  "[borderAccent:│]                                 [border:│]                                                                                    [border:│]",
  "[borderAccent:│]                                 [border:│]                                                                                    [border:│]",
  "[borderAccent:│]                                 [border:│]                                                                                    [border:│]",
  "[borderAccent:├][borderAccent:─────────────────────────────────][border:┴][border:────────────────────────────────────────────────────────────────────────────────────][border:┤]",
  "[border:│][dim:                                                                                                                      ][border:│]",
  "[border:╰][border:──────────────────────────────────────────────────────────────────────────────────────────────────────────────────────][border:╯]",
]
`;

exports[`linear chain graph renders with tree structure > then renders multiple changes with graph layout and descriptions 1`] = `
[
  "[borderAccent:╭][borderAccent:─────────────────────────────────][border:┬][border:────────────────────────────────────────────────────────────────────────────────────][border:╮]",
  "[borderAccent:│][borderAccent:[accent: Stack (5)                       ]][border:│][border:[accent: [dim:sxopy] (no description)                                                       ]][border:│]",
  "[borderAccent:├][borderAccent:─────────────────────────────────][border:┼][border:────────────────────────────────────────────────────────────────────────────────────][border:┤]",
  "[borderAccent:│][BG:selectedBg:◆ [accent:****]   [border:│][dim: No files changed]                                                             [border:│]",
  "[borderAccent:│]◆ (no description)     [dim: Bob][border:│]                                                                                    [border:│]",
  "[borderAccent:│]◆ chore(agent): bump la[dim: Bob][border:│]                                                                                    [border:│]",
  "[borderAccent:│]◆ docs(fallow): restruc[dim: Bob][border:│]                                                                                    [border:│]",
  "[borderAccent:│]◆ chore(deps): bump dep[dim: Bob][border:│]                                                                                    [border:│]",
  "[borderAccent:│]                                 [border:│]                                                                                    [border:│]",
  "[borderAccent:│]                                 [border:├][border:────────────────────────────────────────────────────────────────────────────────────][border:┤]",
  "[borderAccent:│]                                 [border:│][accent: Diff: all (sxopy)                                                                  ][border:│]",
  "[borderAccent:│]                                 [border:├][border:────────────────────────────────────────────────────────────────────────────────────][border:┤]",
  "[borderAccent:│]                                 [border:│][dim: No content]                                                                   [border:│]",
  "[borderAccent:│]                                 [border:│]                                                                                    [border:│]",
  "[borderAccent:│]                                 [border:│]                                                                                    [border:│]",
  "[borderAccent:│]                                 [border:│]                                                                                    [border:│]",
  "[borderAccent:│]                                 [border:│]                                                                                    [border:│]",
  "[borderAccent:│]                                 [border:│]                                                                                    [border:│]",
  "[borderAccent:│]                                 [border:│]                                                                                    [border:│]",
  "[borderAccent:│]                                 [border:│]                                                                                    [border:│]",
  "[borderAccent:│]                                 [border:│]                                                                                    [border:│]",
  "[borderAccent:│]                                 [border:│]                                                                                    [border:│]",
  "[borderAccent:│]                                 [border:│]                                                                                    [border:│]",
  "[borderAccent:│]                                 [border:│]                                                                                    [border:│]",
  "[borderAccent:│]                                 [border:│]                                                                                    [border:│]",
  "[borderAccent:├][borderAccent:─────────────────────────────────][border:┴][border:────────────────────────────────────────────────────────────────────────────────────][border:┤]",
  "[border:│][dim:                                                                                                                      ][border:│]",
  "[border:╰][border:──────────────────────────────────────────────────────────────────────────────────────────────────────────────────────][border:╯]",
]
`;

exports[`linear chain graph renders with tree structure > then renders tree structure for chained commits 1`] = `
[
  "[borderAccent:╭][borderAccent:─────────────────────────────────][border:┬][border:────────────────────────────────────────────────────────────────────────────────────][border:╮]",
  "[borderAccent:│][borderAccent:[accent: Stack (3)                       ]][border:│][border:[accent: [dim:c] feat: add feature C                                                        ]][border:│]",
  "[borderAccent:├][borderAccent:─────────────────────────────────][border:┼][border:────────────────────────────────────────────────────────────────────────────────────][border:┤]",
  "[borderAccent:│][BG:selectedBg:◆ [accent:**feat: [border:│][dim: No files changed]                                                             [border:│]",
  "[borderAccent:│]◆ feat: add feature B[dim: Alice][border:│]                                                                                    [border:│]",
  "[borderAccent:│]◆ feat: initial featu[dim: Alice][border:│]                                                                                    [border:│]",
  "[borderAccent:│]                                 [border:│]                                                                                    [border:│]",
  "[borderAccent:│]                                 [border:│]                                                                                    [border:│]",
  "[borderAccent:│]                                 [border:│]                                                                                    [border:│]",
  "[borderAccent:│]                                 [border:├][border:────────────────────────────────────────────────────────────────────────────────────][border:┤]",
  "[borderAccent:│]                                 [border:│][accent: Diff: all (c)                                                                      ][border:│]",
  "[borderAccent:│]                                 [border:├][border:────────────────────────────────────────────────────────────────────────────────────][border:┤]",
  "[borderAccent:│]                                 [border:│][dim: No content]                                                                   [border:│]",
  "[borderAccent:│]                                 [border:│]                                                                                    [border:│]",
  "[borderAccent:│]                                 [border:│]                                                                                    [border:│]",
  "[borderAccent:│]                                 [border:│]                                                                                    [border:│]",
  "[borderAccent:│]                                 [border:│]                                                                                    [border:│]",
  "[borderAccent:│]                                 [border:│]                                                                                    [border:│]",
  "[borderAccent:│]                                 [border:│]                                                                                    [border:│]",
  "[borderAccent:│]                                 [border:│]                                                                                    [border:│]",
  "[borderAccent:│]                                 [border:│]                                                                                    [border:│]",
  "[borderAccent:│]                                 [border:│]                                                                                    [border:│]",
  "[borderAccent:│]                                 [border:│]                                                                                    [border:│]",
  "[borderAccent:│]                                 [border:│]                                                                                    [border:│]",
  "[borderAccent:│]                                 [border:│]                                                                                    [border:│]",
  "[borderAccent:├][borderAccent:─────────────────────────────────][border:┴][border:────────────────────────────────────────────────────────────────────────────────────][border:┤]",
  "[border:│][dim:                                                                                                                      ][border:│]",
  "[border:╰][border:──────────────────────────────────────────────────────────────────────────────────────────────────────────────────────][border:╯]",
]
`;

exports[`linear chain graph renders with tree structure > then renders with empty changes and no graph 1`] = `
[
  "[borderAccent:╭][borderAccent:─────────────────────────────────][border:┬][border:────────────────────────────────────────────────────────────────────────────────────][border:╮]",
  "[borderAccent:│][borderAccent:[accent: Stack (0)                       ]][border:│][border:[accent: Files                                                                              ]][border:│]",
  "[borderAccent:├][borderAccent:─────────────────────────────────][border:┼][border:────────────────────────────────────────────────────────────────────────────────────][border:┤]",
  "[borderAccent:│][dim: No changes]                [border:│][dim: No files changed]                                                             [border:│]",
  "[borderAccent:│]                                 [border:│]                                                                                    [border:│]",
  "[borderAccent:│]                                 [border:│]                                                                                    [border:│]",
  "[borderAccent:│]                                 [border:│]                                                                                    [border:│]",
  "[borderAccent:│]                                 [border:│]                                                                                    [border:│]",
  "[borderAccent:│]                                 [border:│]                                                                                    [border:│]",
  "[borderAccent:│]                                 [border:├][border:────────────────────────────────────────────────────────────────────────────────────][border:┤]",
  "[borderAccent:│]                                 [border:│][accent: Diff                                                                               ][border:│]",
  "[borderAccent:│]                                 [border:├][border:────────────────────────────────────────────────────────────────────────────────────][border:┤]",
  "[borderAccent:│]                                 [border:│][dim: No content]                                                                   [border:│]",
  "[borderAccent:│]                                 [border:│]                                                                                    [border:│]",
  "[borderAccent:│]                                 [border:│]                                                                                    [border:│]",
  "[borderAccent:│]                                 [border:│]                                                                                    [border:│]",
  "[borderAccent:│]                                 [border:│]                                                                                    [border:│]",
  "[borderAccent:│]                                 [border:│]                                                                                    [border:│]",
  "[borderAccent:│]                                 [border:│]                                                                                    [border:│]",
  "[borderAccent:│]                                 [border:│]                                                                                    [border:│]",
  "[borderAccent:│]                                 [border:│]                                                                                    [border:│]",
  "[borderAccent:│]                                 [border:│]                                                                                    [border:│]",
  "[borderAccent:│]                                 [border:│]                                                                                    [border:│]",
  "[borderAccent:│]                                 [border:│]                                                                                    [border:│]",
  "[borderAccent:│]                                 [border:│]                                                                                    [border:│]",
  "[borderAccent:├][borderAccent:─────────────────────────────────][border:┴][border:────────────────────────────────────────────────────────────────────────────────────][border:┤]",
  "[border:│][dim:                                                                                                                      ][border:│]",
  "[border:╰][border:──────────────────────────────────────────────────────────────────────────────────────────────────────────────────────][border:╯]",
]
`;

exports[`linear chain graph renders with tree structure > then renders working copy icon for current change 1`] = `
[
  "[borderAccent:╭][borderAccent:─────────────────────────────────][border:┬][border:────────────────────────────────────────────────────────────────────────────────────][border:╮]",
  "[borderAccent:│][borderAccent:[accent: Stack (2)                       ]][border:│][border:[accent: [dim:wc] work in progress                                                          ]][border:│]",
  "[borderAccent:├][borderAccent:─────────────────────────────────][border:┼][border:────────────────────────────────────────────────────────────────────────────────────][border:┤]",
  "[borderAccent:│][BG:selectedBg:[accent:◉ ][accent[border:│][dim: No files changed]                                                             [border:│]",
  "[borderAccent:│]◆ previous commit    [dim: Alice][border:│]                                                                                    [border:│]",
  "[borderAccent:│]                                 [border:│]                                                                                    [border:│]",
  "[borderAccent:│]                                 [border:│]                                                                                    [border:│]",
  "[borderAccent:│]                                 [border:│]                                                                                    [border:│]",
  "[borderAccent:│]                                 [border:│]                                                                                    [border:│]",
  "[borderAccent:│]                                 [border:├][border:────────────────────────────────────────────────────────────────────────────────────][border:┤]",
  "[borderAccent:│]                                 [border:│][accent: Diff: all (wc)                                                                     ][border:│]",
  "[borderAccent:│]                                 [border:├][border:────────────────────────────────────────────────────────────────────────────────────][border:┤]",
  "[borderAccent:│]                                 [border:│][dim: No content]                                                                   [border:│]",
  "[borderAccent:│]                                 [border:│]                                                                                    [border:│]",
  "[borderAccent:│]                                 [border:│]                                                                                    [border:│]",
  "[borderAccent:│]                                 [border:│]                                                                                    [border:│]",
  "[borderAccent:│]                                 [border:│]                                                                                    [border:│]",
  "[borderAccent:│]                                 [border:│]                                                                                    [border:│]",
  "[borderAccent:│]                                 [border:│]                                                                                    [border:│]",
  "[borderAccent:│]                                 [border:│]                                                                                    [border:│]",
  "[borderAccent:│]                                 [border:│]                                                                                    [border:│]",
  "[borderAccent:│]                                 [border:│]                                                                                    [border:│]",
  "[borderAccent:│]                                 [border:│]                                                                                    [border:│]",
  "[borderAccent:│]                                 [border:│]                                                                                    [border:│]",
  "[borderAccent:│]                                 [border:│]                                                                                    [border:│]",
  "[borderAccent:├][borderAccent:─────────────────────────────────][border:┴][border:────────────────────────────────────────────────────────────────────────────────────][border:┤]",
  "[border:│][dim:                                                                                                                      ][border:│]",
  "[border:╰][border:──────────────────────────────────────────────────────────────────────────────────────────────────────────────────────][border:╯]",
]
`;

exports[`selected / marked changes > then extends marked background to full row width for empty description 1`] = `
[
  "[borderAccent:╭][borderAccent:────────────────][border:┬][border:─────────────────────────────────────────][border:╮]",
  "[borderAccent:│][borderAccent:[accent: Stack (1)[0m      ]][border:│][border:[accent: [dim:empty] (no description)[0m            ]][border:│]",
  "[borderAccent:├][borderAccent:────────────────][border:┼][border:─────────────────────────────────────────][border:┤]",
  "[borderAccent:│][BG:selectedBg:◆[border:│][dim: No files changed][0m                  [border:│]",
  "[borderAccent:│][0m                [border:│][0m                                         [border:│]",
  "[borderAccent:│][0m                [border:│][0m                                         [border:│]",
  "[borderAccent:│][0m                [border:├][border:─────────────────────────────────────────][border:┤]",
  "[borderAccent:│][0m                [border:│][accent: Diff: all (empty)[0m                       ][border:│]",
  "[borderAccent:│][0m                [border:├][border:─────────────────────────────────────────][border:┤]",
  "[borderAccent:│][0m                [border:│][dim: No content][0m                        [border:│]",
  "[borderAccent:│][0m                [border:│][0m                                         [border:│]",
  "[borderAccent:│][0m                [border:│][0m                                         [border:│]",
  "[borderAccent:│][0m                [border:│][0m                                         [border:│]",
  "[borderAccent:│][0m                [border:│][0m                                         [border:│]",
  "[borderAccent:│][0m                [border:│][0m                                         [border:│]",
  "[borderAccent:├][borderAccent:────────────────][border:┴][border:─────────────────────────────────────────][border:┤]",
  "[border:│][dim: [0m                                                         ][border:│]",
  "[border:╰][border:──────────────────────────────────────────────────────────][border:╯]",
]
`;

exports[`selected / marked changes > then renders marked background for selected change 1`] = `
[
  "[borderAccent:╭][borderAccent:─────────────────────────────────][border:┬][border:────────────────────────────────────────────────────────────────────────────────────][border:╮]",
  "[borderAccent:│][borderAccent:[accent: Stack (1)[0m                       ]][border:│][border:[accent: [dim:x] selected change[0m                                                            ]][border:│]",
  "[borderAccent:├][borderAccent:─────────────────────────────────][border:┼][border:────────────────────────────────────────────────────────────────────────────────────][border:┤]",
  "[borderAccent:│][BG:selectedBg:◆ [accent:✓ ][acce[border:│][dim: No files changed][0m                                                             [border:│]",
  "[borderAccent:│][0m                                 [border:│][0m                                                                                    [border:│]",
  "[borderAccent:│][0m                                 [border:│][0m                                                                                    [border:│]",
  "[borderAccent:│][0m                                 [border:│][0m                                                                                    [border:│]",
  "[borderAccent:│][0m                                 [border:│][0m                                                                                    [border:│]",
  "[borderAccent:│][0m                                 [border:│][0m                                                                                    [border:│]",
  "[borderAccent:│][0m                                 [border:├][border:────────────────────────────────────────────────────────────────────────────────────][border:┤]",
  "[borderAccent:│][0m                                 [border:│][accent: Diff: all (x)[0m                                                                      ][border:│]",
  "[borderAccent:│][0m                                 [border:├][border:────────────────────────────────────────────────────────────────────────────────────][border:┤]",
  "[borderAccent:│][0m                                 [border:│][dim: No content][0m                                                                   [border:│]",
  "[borderAccent:│][0m                                 [border:│][0m                                                                                    [border:│]",
  "[borderAccent:│][0m                                 [border:│][0m                                                                                    [border:│]",
  "[borderAccent:│][0m                                 [border:│][0m                                                                                    [border:│]",
  "[borderAccent:│][0m                                 [border:│][0m                                                                                    [border:│]",
  "[borderAccent:│][0m                                 [border:│][0m                                                                                    [border:│]",
  "[borderAccent:│][0m                                 [border:│][0m                                                                                    [border:│]",
  "[borderAccent:│][0m                                 [border:│][0m                                                                                    [border:│]",
  "[borderAccent:│][0m                                 [border:│][0m                                                                                    [border:│]",
  "[borderAccent:│][0m                                 [border:│][0m                                                                                    [border:│]",
  "[borderAccent:│][0m                                 [border:│][0m                                                                                    [border:│]",
  "[borderAccent:│][0m                                 [border:│][0m                                                                                    [border:│]",
  "[borderAccent:│][0m                                 [border:│][0m                                                                                    [border:│]",
  "[borderAccent:├][borderAccent:─────────────────────────────────][border:┴][border:────────────────────────────────────────────────────────────────────────────────────][border:┤]",
  "[border:│][dim: [0m                                                                                                                     ][border:│]",
  "[border:╰][border:──────────────────────────────────────────────────────────────────────────────────────────────────────────────────────][border:╯]",
]
`;

exports[`selected / marked changes > then renders select marker for selected change 1`] = `
[
  "[borderAccent:╭][borderAccent:─────────────────────────────────][border:┬][border:────────────────────────────────────────────────────────────────────────────────────][border:╮]",
  "[borderAccent:│][borderAccent:[accent: Stack (2)                       ]][border:│][border:[accent: [dim:a] first change                                                               ]][border:│]",
  "[borderAccent:├][borderAccent:─────────────────────────────────][border:┼][border:────────────────────────────────────────────────────────────────────────────────────][border:┤]",
  "[borderAccent:│][BG:selectedBg:◆ [accent:**first [border:│][dim: No files changed]                                                             [border:│]",
  "[borderAccent:│][BG:selectedBg:◆ [accent:✓ ]secon[border:│]                                                                                    [border:│]",
  "[borderAccent:│]                                 [border:│]                                                                                    [border:│]",
  "[borderAccent:│]                                 [border:│]                                                                                    [border:│]",
  "[borderAccent:│]                                 [border:│]                                                                                    [border:│]",
  "[borderAccent:│]                                 [border:│]                                                                                    [border:│]",
  "[borderAccent:│]                                 [border:├][border:────────────────────────────────────────────────────────────────────────────────────][border:┤]",
  "[borderAccent:│]                                 [border:│][accent: Diff: all (a)                                                                      ][border:│]",
  "[borderAccent:│]                                 [border:├][border:────────────────────────────────────────────────────────────────────────────────────][border:┤]",
  "[borderAccent:│]                                 [border:│][dim: No content]                                                                   [border:│]",
  "[borderAccent:│]                                 [border:│]                                                                                    [border:│]",
  "[borderAccent:│]                                 [border:│]                                                                                    [border:│]",
  "[borderAccent:│]                                 [border:│]                                                                                    [border:│]",
  "[borderAccent:│]                                 [border:│]                                                                                    [border:│]",
  "[borderAccent:│]                                 [border:│]                                                                                    [border:│]",
  "[borderAccent:│]                                 [border:│]                                                                                    [border:│]",
  "[borderAccent:│]                                 [border:│]                                                                                    [border:│]",
  "[borderAccent:│]                                 [border:│]                                                                                    [border:│]",
  "[borderAccent:│]                                 [border:│]                                                                                    [border:│]",
  "[borderAccent:│]                                 [border:│]                                                                                    [border:│]",
  "[borderAccent:│]                                 [border:│]                                                                                    [border:│]",
  "[borderAccent:│]                                 [border:│]                                                                                    [border:│]",
  "[borderAccent:├][borderAccent:─────────────────────────────────][border:┴][border:────────────────────────────────────────────────────────────────────────────────────][border:┤]",
  "[border:│][dim:                                                                                                                      ][border:│]",
  "[border:╰][border:──────────────────────────────────────────────────────────────────────────────────────────────────────────────────────][border:╯]",
]
`;
